Archive member included to satisfy reference by file (symbol)

/opt/st/stm32cubeide_2.0.0/plugins/com.st.stm32cube.ide.mcu.externaltools.gnu-tools-for-stm32.13.3.rel1.linux64_1.0.100.202509120712/tools/bin/../lib/gcc/arm-none-eabi/13.3.1/../../../../arm-none-eabi/lib/thumb/v7e-m+fp/hard/libc_nano.a(libc_a-exit.o)
                              /opt/st/stm32cubeide_2.0.0/plugins/com.st.stm32cube.ide.mcu.externaltools.gnu-tools-for-stm32.13.3.rel1.linux64_1.0.100.202509120712/tools/bin/../lib/gcc/arm-none-eabi/13.3.1/../../../../arm-none-eabi/lib/thumb/v7e-m+fp/hard/crt0.o (exit)
/opt/st/stm32cubeide_2.0.0/plugins/com.st.stm32cube.ide.mcu.externaltools.gnu-tools-for-stm32.13.3.rel1.linux64_1.0.100.202509120712/tools/bin/../lib/gcc/arm-none-eabi/13.3.1/../../../../arm-none-eabi/lib/thumb/v7e-m+fp/hard/libc_nano.a(libc_a-findfp.o)
                              /opt/st/stm32cubeide_2.0.0/plugins/com.st.stm32cube.ide.mcu.externaltools.gnu-tools-for-stm32.13.3.rel1.linux64_1.0.100.202509120712/tools/bin/../lib/gcc/arm-none-eabi/13.3.1/../../../../arm-none-eabi/lib/thumb/v7e-m+fp/hard/libc_nano.a(libc_a-exit.o) (__stdio_exit_handler)
/opt/st/stm32cubeide_2.0.0/plugins/com.st.stm32cube.ide.mcu.externaltools.gnu-tools-for-stm32.13.3.rel1.linux64_1.0.100.202509120712/tools/bin/../lib/gcc/arm-none-eabi/13.3.1/../../../../arm-none-eabi/lib/thumb/v7e-m+fp/hard/libc_nano.a(libc_a-fwalk.o)
                              /opt/st/stm32cubeide_2.0.0/plugins/com.st.stm32cube.ide.mcu.externaltools.gnu-tools-for-stm32.13.3.rel1.linux64_1.0.100.202509120712/tools/bin/../lib/gcc/arm-none-eabi/13.3.1/../../../../arm-none-eabi/lib/thumb/v7e-m+fp/hard/libc_nano.a(libc_a-findfp.o) (_fwalk_sglue)
/opt/st/stm32cubeide_2.0.0/plugins/com.st.stm32cube.ide.mcu.externaltools.gnu-tools-for-stm32.13.3.rel1.linux64_1.0.100.202509120712/tools/bin/../lib/gcc/arm-none-eabi/13.3.1/../../../../arm-none-eabi/lib/thumb/v7e-m+fp/hard/libc_nano.a(libc_a-stdio.o)
                              /opt/st/stm32cubeide_2.0.0/plugins/com.st.stm32cube.ide.mcu.externaltools.gnu-tools-for-stm32.13.3.rel1.linux64_1.0.100.202509120712/tools/bin/../lib/gcc/arm-none-eabi/13.3.1/../../../../arm-none-eabi/lib/thumb/v7e-m+fp/hard/libc_nano.a(libc_a-findfp.o) (__sread)
/opt/st/stm32cubeide_2.0.0/plugins/com.st.stm32cube.ide.mcu.externaltools.gnu-tools-for-stm32.13.3.rel1.linux64_1.0.100.202509120712/tools/bin/../lib/gcc/arm-none-eabi/13.3.1/../../../../arm-none-eabi/lib/thumb/v7e-m+fp/hard/libc_nano.a(libc_a-memset.o)
                              /opt/st/stm32cubeide_2.0.0/plugins/com.st.stm32cube.ide.mcu.externaltools.gnu-tools-for-stm32.13.3.rel1.linux64_1.0.100.202509120712/tools/bin/../lib/gcc/arm-none-eabi/13.3.1/../../../../arm-none-eabi/lib/thumb/v7e-m+fp/hard/crt0.o (memset)
/opt/st/stm32cubeide_2.0.0/plugins/com.st.stm32cube.ide.mcu.externaltools.gnu-tools-for-stm32.13.3.rel1.linux64_1.0.100.202509120712/tools/bin/../lib/gcc/arm-none-eabi/13.3.1/../../../../arm-none-eabi/lib/thumb/v7e-m+fp/hard/libc_nano.a(libc_a-closer.o)
                              /opt/st/stm32cubeide_2.0.0/plugins/com.st.stm32cube.ide.mcu.externaltools.gnu-tools-for-stm32.13.3.rel1.linux64_1.0.100.202509120712/tools/bin/../lib/gcc/arm-none-eabi/13.3.1/../../../../arm-none-eabi/lib/thumb/v7e-m+fp/hard/libc_nano.a(libc_a-stdio.o) (_close_r)
/opt/st/stm32cubeide_2.0.0/plugins/com.st.stm32cube.ide.mcu.externaltools.gnu-tools-for-stm32.13.3.rel1.linux64_1.0.100.202509120712/tools/bin/../lib/gcc/arm-none-eabi/13.3.1/../../../../arm-none-eabi/lib/thumb/v7e-m+fp/hard/libc_nano.a(libc_a-reent.o)
                              /opt/st/stm32cubeide_2.0.0/plugins/com.st.stm32cube.ide.mcu.externaltools.gnu-tools-for-stm32.13.3.rel1.linux64_1.0.100.202509120712/tools/bin/../lib/gcc/arm-none-eabi/13.3.1/../../../../arm-none-eabi/lib/thumb/v7e-m+fp/hard/libc_nano.a(libc_a-closer.o) (errno)
/opt/st/stm32cubeide_2.0.0/plugins/com.st.stm32cube.ide.mcu.externaltools.gnu-tools-for-stm32.13.3.rel1.linux64_1.0.100.202509120712/tools/bin/../lib/gcc/arm-none-eabi/13.3.1/../../../../arm-none-eabi/lib/thumb/v7e-m+fp/hard/libc_nano.a(libc_a-impure.o)
                              /opt/st/stm32cubeide_2.0.0/plugins/com.st.stm32cube.ide.mcu.externaltools.gnu-tools-for-stm32.13.3.rel1.linux64_1.0.100.202509120712/tools/bin/../lib/gcc/arm-none-eabi/13.3.1/../../../../arm-none-eabi/lib/thumb/v7e-m+fp/hard/libc_nano.a(libc_a-reent.o) (_impure_ptr)
/opt/st/stm32cubeide_2.0.0/plugins/com.st.stm32cube.ide.mcu.externaltools.gnu-tools-for-stm32.13.3.rel1.linux64_1.0.100.202509120712/tools/bin/../lib/gcc/arm-none-eabi/13.3.1/../../../../arm-none-eabi/lib/thumb/v7e-m+fp/hard/libc_nano.a(libc_a-lseekr.o)
                              /opt/st/stm32cubeide_2.0.0/plugins/com.st.stm32cube.ide.mcu.externaltools.gnu-tools-for-stm32.13.3.rel1.linux64_1.0.100.202509120712/tools/bin/../lib/gcc/arm-none-eabi/13.3.1/../../../../arm-none-eabi/lib/thumb/v7e-m+fp/hard/libc_nano.a(libc_a-stdio.o) (_lseek_r)
[...]
Memory Configuration

Name             Origin             Length             Attributes
CCMRAM           0x10000000         0x00010000         xrw
RAM              0x20000000         0x00020000         xrw
FLASH            0x08000000         0x00100000         xr
*default*        0x00000000         0xffffffff

Linker script and memory map

LOAD /opt/st/stm32cubeide_2.0.0/plugins/com.st.stm32cube.ide.mcu.externaltools.gnu-tools-for-stm32.13.3.rel1.linux64_1.0.100.202509120712/tools/bin/../lib/gcc/arm-none-eabi/13.3.1/thumb/v7e-m+fp/hard/crti.o
LOAD /opt/st/stm32cubeide_2.0.0/plugins/com.st.stm32cube.ide.mcu.externaltools.gnu-tools-for-stm32.13.3.rel1.linux64_1.0.100.202509120712/tools/bin/../lib/gcc/arm-none-eabi/13.3.1/thumb/v7e-m+fp/hard/crtbegin.o
LOAD /opt/st/stm32cubeide_2.0.0/plugins/com.st.stm32cube.ide.mcu.externaltools.gnu-tools-for-stm32.13.3.rel1.linux64_1.0.100.202509120712/tools/bin/../lib/gcc/arm-none-eabi/13.3.1/../../../../arm-none-eabi/lib/thumb/v7e-m+fp/hard/crt0.o
LOAD ./Core/Src/freertos.o
LOAD ./Core/Src/main.o
LOAD ./Core/Src/stm32f4xx_hal_msp.o
LOAD ./Core/Src/stm32f4xx_hal_timebase_tim.o
LOAD ./Core/Src/stm32f4xx_it.o
LOAD ./Core/Src/syscalls.o
LOAD ./Core/Src/sysmem.o
LOAD ./Core/Src/system_stm32f4xx.o
LOAD ./Core/Startup/startup_stm32f405rgtx.o
LOAD ./Drivers/BMP390/BMP390.o
LOAD ./Drivers/IST8310/IST8310.o
LOAD ./Drivers/STM32F4xx_HAL_Driver/Src/stm32f4xx_hal.o
LOAD ./Drivers/STM32F4xx_HAL_Driver/Src/stm32f4xx_hal_cortex.o
LOAD ./Drivers/STM32F4xx_HAL_Driver/Src/stm32f4xx_hal_dma.o
LOAD ./Drivers/STM32F4xx_HAL_Driver/Src/stm32f4xx_hal_dma_ex.o
LOAD ./Drivers/STM32F4xx_HAL_Driver/Src/stm32f4xx_hal_exti.o
LOAD ./Drivers/STM32F4xx_HAL_Driver/Src/stm32f4xx_hal_flash.o
LOAD ./Drivers/STM32F4xx_HAL_Driver/Src/stm32f4xx_hal_flash_ex.o
LOAD ./Drivers/STM32F4xx_HAL_Driver/Src/stm32f4xx_hal_flash_ramfunc.o
LOAD ./Drivers/STM32F4xx_HAL_Driver/Src/stm32f4xx_hal_gpio.o
LOAD ./Drivers/STM32F4xx_HAL_Driver/Src/stm32f4xx_hal_i2c.o
LOAD ./Drivers/STM32F4xx_HAL_Driver/Src/stm32f4xx_hal_i2c_ex.o
LOAD ./Drivers/STM32F4xx_HAL_Driver/Src/stm32f4xx_hal_mmc.o
LOAD ./Drivers/STM32F4xx_HAL_Driver/Src/stm32f4xx_hal_pwr.o
LOAD ./Drivers/STM32F4xx_HAL_Driver/Src/stm32f4xx_hal_pwr_ex.o
LOAD ./Drivers/STM32F4xx_HAL_Driver/Src/stm32f4xx_hal_rcc.o
LOAD ./Drivers/STM32F4xx_HAL_Driver/Src/stm32f4xx_hal_rcc_ex.o
LOAD ./Drivers/STM32F4xx_HAL_Driver/Src/stm32f4xx_hal_sd.o
LOAD ./Drivers/STM32F4xx_HAL_Driver/Src/stm32f4xx_hal_spi.o
LOAD ./Drivers/STM32F4xx_HAL_Driver/Src/stm32f4xx_hal_tim.o
LOAD ./Drivers/STM32F4xx_HAL_Driver/Src/stm32f4xx_hal_tim_ex.o
LOAD ./Drivers/STM32F4xx_HAL_Driver/Src/stm32f4xx_hal_uart.o
LOAD ./Drivers/STM32F4xx_HAL_Driver/Src/stm32f4xx_ll_sdmmc.o
LOAD ./Drivers/TMP100/TMP100.o
LOAD ./FATFS/App/fatfs.o
LOAD ./FATFS/Target/bsp_driver_sd.o
LOAD ./FATFS/Target/fatfs_platform.o
LOAD ./FATFS/Target/sd_diskio.o
LOAD ./Middlewares/Third_Party/FatFs/src/diskio.o
LOAD ./Middlewares/Third_Party/FatFs/src/ff.o
LOAD ./Middlewares/Third_Party/FatFs/src/ff_gen_drv.o
LOAD ./Middlewares/Third_Party/FatFs/src/option/syscall.o
LOAD ./Middlewares/Third_Party/FreeRTOS/Source/CMSIS_RTOS_V2/cmsis_os2.o
LOAD ./Middlewares/Third_Party/FreeRTOS/Source/croutine.o
LOAD ./Middlewares/Third_Party/FreeRTOS/Source/event_groups.o
LOAD ./Middlewares/Third_Party/FreeRTOS/Source/list.o
LOAD ./Middlewares/Third_Party/FreeRTOS/Source/queue.o
LOAD ./Middlewares/Third_Party/FreeRTOS/Source/stream_buffer.o
LOAD ./Middlewares/Third_Party/FreeRTOS/Source/tasks.o
LOAD ./Middlewares/Third_Party/FreeRTOS/Source/timers.o
LOAD ./Middlewares/Third_Party/FreeRTOS/Source/portable/GCC/ARM_CM4F/port.o
LOAD ./Middlewares/Third_Party/FreeRTOS/Source/portable/MemMang/heap_4.o
START GROUP
LOAD /opt/st/stm32cubeide_2.0.0/plugins/com.st.stm32cube.ide.mcu.externaltools.gnu-tools-for-stm32.13.3.rel1.linux64_1.0.100.202509120712/tools/bin/../lib/gcc/arm-none-eabi/13.3.1/../../../../arm-none-eabi/lib/thumb/v7e-m+fp/hard/libc_nano.a
LOAD /opt/st/stm32cubeide_2.0.0/plugins/com.st.stm32cube.ide.mcu.externaltools.gnu-tools-for-stm32.13.3.rel1.linux64_1.0.100.202509120712/tools/bin/../lib/gcc/arm-none-eabi/13.3.1/../../../../arm-none-eabi/lib/thumb/v7e-m+fp/hard/libm.a
END GROUP
START GROUP
LOAD /opt/st/stm32cubeide_2.0.0/plugins/com.st.stm32cube.ide.mcu.externaltools.gnu-tools-for-stm32.13.3.rel1.linux64_1.0.100.202509120712/tools/bin/../lib/gcc/arm-none-eabi/13.3.1/thumb/v7e-m+fp/hard/libgcc.a
LOAD /opt/st/stm32cubeide_2.0.0/plugins/com.st.stm32cube.ide.mcu.externaltools.gnu-tools-for-stm32.13.3.rel1.linux64_1.0.100.202509120712/tools/bin/../lib/gcc/arm-none-eabi/13.3.1/../../../../arm-none-eabi/lib/thumb/v7e-m+fp/hard/libc_nano.a
END GROUP
START GROUP
LOAD /opt/st/stm32cubeide_2.0.0/plugins/com.st.stm32cube.ide.mcu.externaltools.gnu-tools-for-stm32.13.3.rel1.linux64_1.0.100.202509120712/tools/bin/../lib/gcc/arm-none-eabi/13.3.1/thumb/v7e-m+fp/hard/libgcc.a
LOAD /opt/st/stm32cubeide_2.0.0/plugins/com.st.stm32cube.ide.mcu.externaltools.gnu-tools-for-stm32.13.3.rel1.linux64_1.0.100.202509120712/tools/bin/../lib/gcc/arm-none-eabi/13.3.1/../../../../arm-none-eabi/lib/thumb/v7e-m+fp/hard/libc_nano.a
LOAD /opt/st/stm32cubeide_2.0.0/plugins/com.st.stm32cube.ide.mcu.externaltools.gnu-tools-for-stm32.13.3.rel1.linux64_1.0.100.202509120712/tools/bin/../lib/gcc/arm-none-eabi/13.3.1/../../../../arm-none-eabi/lib/thumb/v7e-m+fp/hard/libnosys.a
END GROUP
START GROUP
LOAD /opt/st/stm32cubeide_2.0.0/plugins/com.st.stm32cube.ide.mcu.externaltools.gnu-tools-for-stm32.13.3.rel1.linux64_1.0.100.202509120712/tools/bin/../lib/gcc/arm-none-eabi/13.3.1/thumb/v7e-m+fp/hard/libgcc.a
LOAD /opt/st/stm32cubeide_2.0.0/plugins/com.st.stm32cube.ide.mcu.externaltools.gnu-tools-for-stm32.13.3.rel1.linux64_1.0.100.202509120712/tools/bin/../lib/gcc/arm-none-eabi/13.3.1/../../../../arm-none-eabi/lib/thumb/v7e-m+fp/hard/libc_nano.a
LOAD /opt/st/stm32cubeide_2.0.0/plugins/com.st.stm32cube.ide.mcu.externaltools.gnu-tools-for-stm32.13.3.rel1.linux64_1.0.100.202509120712/tools/bin/../lib/gcc/arm-none-eabi/13.3.1/../../../../arm-none-eabi/lib/thumb/v7e-m+fp/hard/libnosys.a
END GROUP
LOAD /opt/st/stm32cubeide_2.0.0/plugins/com.st.stm32cube.ide.mcu.externaltools.gnu-tools-for-stm32.13.3.rel1.linux64_1.0.100.202509120712/tools/bin/../lib/gcc/arm-none-eabi/13.3.1/thumb/v7e-m+fp/hard/crtend.o
LOAD /opt/st/stm32cubeide_2.0.0/plugins/com.st.stm32cube.ide.mcu.externaltools.gnu-tools-for-stm32.13.3.rel1.linux64_1.0.100.202509120712/tools/bin/../lib/gcc/arm-none-eabi/13.3.1/thumb/v7e-m+fp/hard/crtn.o
                0x20020000                        _estack = (ORIGIN (RAM) + LENGTH (RAM))
                0x00000200                        _Min_Heap_Size = 0x200
                0x00000400                        _Min_Stack_Size = 0x400

.isr_vector     0x08000000      0x188
                0x08000000                        . = ALIGN (0x4)
 *(.isr_vector)
 .isr_vector    0x08000000      0x188 ./Core/Startup/startup_stm32f405rgtx.o
                0x08000000                g_pfnVectors
                0x08000188                        . = ALIGN (0x4)

.text           0x08000190     0xb814
                0x08000190                        . = ALIGN (0x4)
 *(.text)
 .text          0x08000190       0x40 /opt/st/stm32cubeide_2.0.0/plugins/com.st.stm32cube.ide.mcu.externaltools.gnu-tools-for-stm32.13.3.rel1.linux64_1.0.100.202509120712/tools/bin/../lib/gcc/arm-none-eabi/13.3.1/thumb/v7e-m+fp/hard/crtbegin.o
 .text          0x080001d0       0x30 /opt/st/stm32cubeide_2.0.0/plugins/com.st.stm32cube.ide.mcu.externaltools.gnu-tools-for-stm32.13.3.rel1.linux64_1.0.100.202509120712/tools/bin/../lib/gcc/arm-none-eabi/13.3.1/thumb/v7e-m+fp/hard/libgcc.a(_aeabi_uldivmod.o)
                0x080001d0                __aeabi_uldivmod
 .text          0x08000200      0x2f8 /opt/st/stm32cubeide_2.0.0/plugins/com.st.stm32cube.ide.mcu.externaltools.gnu-tools-for-stm32.13.3.rel1.linux64_1.0.100.202509120712/tools/bin/../lib/gcc/arm-none-eabi/13.3.1/thumb/v7e-m+fp/hard/libgcc.a(_udivmoddi4.o)
                0x08000200                __udivmoddi4
 .text          0x080004f8        0x4 /opt/st/stm32cubeide_2.0.0/plugins/com.st.stm32cube.ide.mcu.externaltools.gnu-tools-for-stm32.13.3.rel1.linux64_1.0.100.202509120712/tools/bin/../lib/gcc/arm-none-eabi/13.3.1/thumb/v7e-m+fp/hard/libgcc.a(_dvmd_tls.o)
                0x080004f8                __aeabi_ldiv0
                0x080004f8                __aeabi_idiv0
 *(.text*)
 .text.main     0x080004fc      0x120 ./Core/Src/main.o
                0x080004fc                main
 .text.SystemClock_Config
                0x0800061c       0xd8 ./Core/Src/main.o
                0x0800061c                SystemClock_Config
 .text.MX_I2C1_Init
                0x080006f4       0x5c ./Core/Src/main.o
 .text.MX_I2C2_Init
                0x08000750       0x5c ./Core/Src/main.o
 .text.MX_I2C3_Init
                0x080007ac       0x5c ./Core/Src/main.o
 .text.MX_SDIO_SD_Init
                0x08000808       0x40 ./Core/Src/main.o
 .text.MX_SPI1_Init
                0x08000848       0x6c ./Core/Src/main.o
 .text.MX_SPI2_Init
                0x080008b4       0x6c ./Core/Src/main.o
 .text.MX_UART4_Init
                0x08000920       0x54 ./Core/Src/main.o
 .text.MX_USART1_UART_Init
                0x08000974       0x54 ./Core/Src/main.o
 .text.MX_USART2_UART_Init
                0x080009c8       0x54 ./Core/Src/main.o
 .text.MX_USART3_UART_Init
                0x08000a1c       0x54 ./Core/Src/main.o
 .text.MX_USB_OTG_FS_USB_Init
                0x08000a70        0xe ./Core/Src/main.o
 *fill*         0x08000a7e        0x2 
 .text.MX_DMA_Init
                0x08000a80       0x50 ./Core/Src/main.o
 .text.MX_GPIO_Init
                0x08000ad0      0x1bc ./Core/Src/main.o
 .text.I2CServiceTask
                0x08000c8c       0x98 ./Core/Src/main.o
                0x08000c8c                I2CServiceTask
 .text.SensorDataUpdaterTask
                0x08000d24       0xb4 ./Core/Src/main.o
                0x08000d24                SensorDataUpdaterTask
 .text.TempTask
                0x08000dd8       0xfc ./Core/Src/main.o
                0x08000dd8                TempTask
 .text.BaroTask
                0x08000ed4       0x14 ./Core/Src/main.o
                0x08000ed4                BaroTask
 .text.MagTask  0x08000ee8       0x14 ./Core/Src/main.o
                0x08000ee8                MagTask
 .text.HAL_I2C_MemRxCpltCallback
                0x08000efc       0x30 ./Core/Src/main.o
                0x08000efc                HAL_I2C_MemRxCpltCallback
 .text.HAL_I2C_MemTxCpltCallback
                0x08000f2c       0x30 ./Core/Src/main.o
                0x08000f2c                HAL_I2C_MemTxCpltCallback
 .text.StartDefaultTask
                0x08000f5c       0x10 ./Core/Src/main.o
                0x08000f5c                StartDefaultTask
 .text.HAL_TIM_PeriodElapsedCallback
                0x08000f6c       0x24 ./Core/Src/main.o
                0x08000f6c                HAL_TIM_PeriodElapsedCallback
 .text.Error_Handler
                0x08000f90        0xc ./Core/Src/main.o
                0x08000f90                Error_Handler
 .text.HAL_MspInit
                0x08000f9c       0x58 ./Core/Src/stm32f4xx_hal_msp.o
                0x08000f9c                HAL_MspInit
 .text.HAL_I2C_MspInit
                0x08000ff4      0x298 ./Core/Src/stm32f4xx_hal_msp.o
                0x08000ff4                HAL_I2C_MspInit
 .text.HAL_SD_MspInit
                0x0800128c       0xd0 ./Core/Src/stm32f4xx_hal_msp.o
                0x0800128c                HAL_SD_MspInit
 .text.HAL_SPI_MspInit
                0x0800135c      0x13c ./Core/Src/stm32f4xx_hal_msp.o
                0x0800135c                HAL_SPI_MspInit
 .text.HAL_UART_MspInit
                0x08001498      0x1d0 ./Core/Src/stm32f4xx_hal_msp.o
                0x08001498                HAL_UART_MspInit
 .text.HAL_InitTick
                0x08001668       0xe4 ./Core/Src/stm32f4xx_hal_timebase_tim.o
                0x08001668                HAL_InitTick
 .text.NMI_Handler
                0x0800174c        0x8 ./Core/Src/stm32f4xx_it.o
                0x0800174c                NMI_Handler
 .text.HardFault_Handler
                0x08001754        0x8 ./Core/Src/stm32f4xx_it.o
                0x08001754                HardFault_Handler
 .text.MemManage_Handler
                0x0800175c        0x8 ./Core/Src/stm32f4xx_it.o
                0x0800175c                MemManage_Handler
 .text.BusFault_Handler
                0x08001764        0x8 ./Core/Src/stm32f4xx_it.o
                0x08001764                BusFault_Handler
 .text.UsageFault_Handler
                0x0800176c        0x8 ./Core/Src/stm32f4xx_it.o
                0x0800176c                UsageFault_Handler
 .text.DebugMon_Handler
                0x08001774        0xe ./Core/Src/stm32f4xx_it.o
                0x08001774                DebugMon_Handler
 *fill*         0x08001782        0x2 
 .text.DMA1_Stream2_IRQHandler
                0x08001784       0x14 ./Core/Src/stm32f4xx_it.o
                0x08001784                DMA1_Stream2_IRQHandler
 .text.TIM1_UP_TIM10_IRQHandler
                0x08001798       0x14 ./Core/Src/stm32f4xx_it.o
                0x08001798                TIM1_UP_TIM10_IRQHandler
 .text.I2C2_EV_IRQHandler
                0x080017ac       0x14 ./Core/Src/stm32f4xx_it.o
                0x080017ac                I2C2_EV_IRQHandler
 .text.I2C2_ER_IRQHandler
                0x080017c0       0x14 ./Core/Src/stm32f4xx_it.o
                0x080017c0                I2C2_ER_IRQHandler
 .text.DMA1_Stream7_IRQHandler
                0x080017d4       0x14 ./Core/Src/stm32f4xx_it.o
                0x080017d4                DMA1_Stream7_IRQHandler
 .text.SystemInit
                0x080017e8       0x24 ./Core/Src/system_stm32f4xx.o
                0x080017e8                SystemInit
 .text.Reset_Handler
                0x0800180c       0x50 ./Core/Startup/startup_stm32f405rgtx.o
                0x0800180c                Reset_Handler
 .text.Default_Handler
                0x0800185c        0x2 ./Core/Startup/startup_stm32f405rgtx.o
                0x0800185c                RTC_Alarm_IRQHandler
                0x0800185c                HASH_RNG_IRQHandler
                0x0800185c                EXTI2_IRQHandler
                0x0800185c                TIM8_CC_IRQHandler
                0x0800185c                TIM1_CC_IRQHandler
                0x0800185c                DMA2_Stream5_IRQHandler
                0x0800185c                DMA1_Stream5_IRQHandler
                0x0800185c                PVD_IRQHandler
                0x0800185c                SDIO_IRQHandler
                0x0800185c                TAMP_STAMP_IRQHandler
                0x0800185c                CAN2_RX1_IRQHandler
                0x0800185c                EXTI3_IRQHandler
                0x0800185c                TIM8_TRG_COM_TIM14_IRQHandler
                0x0800185c                TIM8_UP_TIM13_IRQHandler
                0x0800185c                I2C3_ER_IRQHandler
                0x0800185c                EXTI0_IRQHandler
                0x0800185c                CAN1_RX0_IRQHandler
                0x0800185c                FPU_IRQHandler
                0x0800185c                OTG_HS_WKUP_IRQHandler
                0x0800185c                CAN2_SCE_IRQHandler
                0x0800185c                DMA2_Stream2_IRQHandler
                0x0800185c                SPI1_IRQHandler
                0x0800185c                TIM6_DAC_IRQHandler
                0x0800185c                TIM1_BRK_TIM9_IRQHandler
                0x0800185c                CAN2_RX0_IRQHandler
                0x0800185c                DMA2_Stream3_IRQHandler
                0x0800185c                USART6_IRQHandler
                0x0800185c                USART3_IRQHandler
                0x0800185c                CAN1_RX1_IRQHandler
                0x0800185c                UART5_IRQHandler
                0x0800185c                DMA2_Stream0_IRQHandler
                0x0800185c                TIM4_IRQHandler
                0x0800185c                I2C1_EV_IRQHandler
                0x0800185c                DMA1_Stream6_IRQHandler
                0x0800185c                DMA1_Stream1_IRQHandler
                0x0800185c                UART4_IRQHandler
                0x0800185c                TIM3_IRQHandler
                0x0800185c                RCC_IRQHandler
                0x0800185c                TIM8_BRK_TIM12_IRQHandler
                0x0800185c                Default_Handler
                0x0800185c                EXTI15_10_IRQHandler
                0x0800185c                ADC_IRQHandler
                0x0800185c                TIM7_IRQHandler
                0x0800185c                CAN2_TX_IRQHandler
                0x0800185c                TIM5_IRQHandler
                0x0800185c                DMA2_Stream7_IRQHandler
                0x0800185c                I2C3_EV_IRQHandler
                0x0800185c                EXTI9_5_IRQHandler
                0x0800185c                RTC_WKUP_IRQHandler
                0x0800185c                SPI2_IRQHandler
                0x0800185c                OTG_HS_EP1_IN_IRQHandler
                0x0800185c                DMA1_Stream0_IRQHandler
                0x0800185c                CAN1_TX_IRQHandler
                0x0800185c                EXTI4_IRQHandler
                0x0800185c                FSMC_IRQHandler
                0x0800185c                OTG_HS_EP1_OUT_IRQHandler
                0x0800185c                WWDG_IRQHandler
                0x0800185c                TIM2_IRQHandler
                0x0800185c                OTG_FS_WKUP_IRQHandler
                0x0800185c                TIM1_TRG_COM_TIM11_IRQHandler
                0x0800185c                OTG_HS_IRQHandler
                0x0800185c                EXTI1_IRQHandler
                0x0800185c                USART2_IRQHandler
                0x0800185c                DMA2_Stream1_IRQHandler
                0x0800185c                CAN1_SCE_IRQHandler
                0x0800185c                FLASH_IRQHandler
                0x0800185c                DMA2_Stream4_IRQHandler
                0x0800185c                USART1_IRQHandler
                0x0800185c                OTG_FS_IRQHandler
                0x0800185c                SPI3_IRQHandler
                0x0800185c                DMA1_Stream4_IRQHandler
                0x0800185c                I2C1_ER_IRQHandler
                0x0800185c                DMA2_Stream6_IRQHandler
                0x0800185c                DMA1_Stream3_IRQHandler
 *fill*         0x0800185e        0x2 
 .text.HAL_Init
                0x08001860       0x44 ./Drivers/STM32F4xx_HAL_Driver/Src/stm32f4xx_hal.o
                0x08001860                HAL_Init
 .text.HAL_IncTick
                0x080018a4       0x28 ./Drivers/STM32F4xx_HAL_Driver/Src/stm32f4xx_hal.o
                0x080018a4                HAL_IncTick
 .text.HAL_GetTick
                0x080018cc       0x18 ./Drivers/STM32F4xx_HAL_Driver/Src/stm32f4xx_hal.o
                0x080018cc                HAL_GetTick
 .text.HAL_Delay
                0x080018e4       0x48 ./Drivers/STM32F4xx_HAL_Driver/Src/stm32f4xx_hal.o
                0x080018e4                HAL_Delay
 .text.__NVIC_SetPriorityGrouping
                0x0800192c       0x48 ./Drivers/STM32F4xx_HAL_Driver/Src/stm32f4xx_hal_cortex.o
 .text.__NVIC_GetPriorityGrouping
                0x08001974       0x1c ./Drivers/STM32F4xx_HAL_Driver/Src/stm32f4xx_hal_cortex.o
 .text.__NVIC_EnableIRQ
                0x08001990       0x3c ./Drivers/STM32F4xx_HAL_Driver/Src/stm32f4xx_hal_cortex.o
 .text.__NVIC_SetPriority
                0x080019cc       0x54 ./Drivers/STM32F4xx_HAL_Driver/Src/stm32f4xx_hal_cortex.o
 .text.NVIC_EncodePriority
                0x08001a20       0x66 ./Drivers/STM32F4xx_HAL_Driver/Src/stm32f4xx_hal_cortex.o
 .text.HAL_NVIC_SetPriorityGrouping
                0x08001a86       0x16 ./Drivers/STM32F4xx_HAL_Driver/Src/stm32f4xx_hal_cortex.o
                0x08001a86                HAL_NVIC_SetPriorityGrouping
 .text.HAL_NVIC_SetPriority
                0x08001a9c       0x38 ./Drivers/STM32F4xx_HAL_Driver/Src/stm32f4xx_hal_cortex.o
                0x08001a9c                HAL_NVIC_SetPriority
 .text.HAL_NVIC_EnableIRQ
                0x08001ad4       0x1c ./Drivers/STM32F4xx_HAL_Driver/Src/stm32f4xx_hal_cortex.o
                0x08001ad4                HAL_NVIC_EnableIRQ
 .text.HAL_DMA_Init
                0x08001af0      0x15c ./Drivers/STM32F4xx_HAL_Driver/Src/stm32f4xx_hal_dma.o
                0x08001af0                HAL_DMA_Init
 .text.HAL_DMA_Start_IT
                0x08001c4c       0xb0 ./Drivers/STM32F4xx_HAL_Driver/Src/stm32f4xx_hal_dma.o
                0x08001c4c                HAL_DMA_Start_IT
 .text.HAL_DMA_Abort_IT
                0x08001cfc       0x44 ./Drivers/STM32F4xx_HAL_Driver/Src/stm32f4xx_hal_dma.o
                0x08001cfc                HAL_DMA_Abort_IT
 .text.HAL_DMA_IRQHandler
                0x08001d40      0x314 ./Drivers/STM32F4xx_HAL_Driver/Src/stm32f4xx_hal_dma.o
                0x08001d40                HAL_DMA_IRQHandler
 .text.HAL_DMA_GetState
                0x08002054       0x1c ./Drivers/STM32F4xx_HAL_Driver/Src/stm32f4xx_hal_dma.o
                0x08002054                HAL_DMA_GetState
 .text.HAL_DMA_GetError
                0x08002070       0x18 ./Drivers/STM32F4xx_HAL_Driver/Src/stm32f4xx_hal_dma.o
                0x08002070                HAL_DMA_GetError
 .text.DMA_SetConfig
                0x08002088       0x5c ./Drivers/STM32F4xx_HAL_Driver/Src/stm32f4xx_hal_dma.o
 .text.DMA_CalcBaseAndBitshift
                0x080020e4       0x6c ./Drivers/STM32F4xx_HAL_Driver/Src/stm32f4xx_hal_dma.o
 .text.DMA_CheckFifoParam
                0x08002150       0xf8 ./Drivers/STM32F4xx_HAL_Driver/Src/stm32f4xx_hal_dma.o
 .text.HAL_GPIO_Init
                0x08002248      0x338 ./Drivers/STM32F4xx_HAL_Driver/Src/stm32f4xx_hal_gpio.o
                0x08002248                HAL_GPIO_Init
 .text.HAL_GPIO_ReadPin
                0x08002580       0x30 ./Drivers/STM32F4xx_HAL_Driver/Src/stm32f4xx_hal_gpio.o
                0x08002580                HAL_GPIO_ReadPin
 .text.HAL_GPIO_WritePin
                0x080025b0       0x32 ./Drivers/STM32F4xx_HAL_Driver/Src/stm32f4xx_hal_gpio.o
                0x080025b0                HAL_GPIO_WritePin
 *fill*         0x080025e2        0x2 
 .text.HAL_I2C_Init
                0x080025e4      0x288 ./Drivers/STM32F4xx_HAL_Driver/Src/stm32f4xx_hal_i2c.o
                0x080025e4                HAL_I2C_Init
 .text.I2C_Flush_DR
                0x0800286c       0x2a ./Drivers/STM32F4xx_HAL_Driver/Src/stm32f4xx_hal_i2c.o
 *fill*         0x08002896        0x2 
 .text.HAL_I2C_Mem_Write_DMA
                0x08002898      0x2bc ./Drivers/STM32F4xx_HAL_Driver/Src/stm32f4xx_hal_i2c.o
                0x08002898                HAL_I2C_Mem_Write_DMA
 .text.HAL_I2C_Mem_Read_DMA
                0x08002b54      0x320 ./Drivers/STM32F4xx_HAL_Driver/Src/stm32f4xx_hal_i2c.o
                0x08002b54                HAL_I2C_Mem_Read_DMA
 .text.HAL_I2C_EV_IRQHandler
                0x08002e74      0x2e2 ./Drivers/STM32F4xx_HAL_Driver/Src/stm32f4xx_hal_i2c.o
                0x08002e74                HAL_I2C_EV_IRQHandler
 .text.HAL_I2C_ER_IRQHandler
                0x08003156      0x14e ./Drivers/STM32F4xx_HAL_Driver/Src/stm32f4xx_hal_i2c.o
                0x08003156                HAL_I2C_ER_IRQHandler
 .text.HAL_I2C_MasterTxCpltCallback
                0x080032a4       0x14 ./Drivers/STM32F4xx_HAL_Driver/Src/stm32f4xx_hal_i2c.o
                0x080032a4                HAL_I2C_MasterTxCpltCallback
 .text.HAL_I2C_MasterRxCpltCallback
                0x080032b8       0x14 ./Drivers/STM32F4xx_HAL_Driver/Src/stm32f4xx_hal_i2c.o
                0x080032b8                HAL_I2C_MasterRxCpltCallback
 .text.HAL_I2C_SlaveTxCpltCallback
                0x080032cc       0x14 ./Drivers/STM32F4xx_HAL_Driver/Src/stm32f4xx_hal_i2c.o
                0x080032cc                HAL_I2C_SlaveTxCpltCallback
 .text.HAL_I2C_SlaveRxCpltCallback
                0x080032e0       0x14 ./Drivers/STM32F4xx_HAL_Driver/Src/stm32f4xx_hal_i2c.o
                0x080032e0                HAL_I2C_SlaveRxCpltCallback
 .text.HAL_I2C_AddrCallback
                0x080032f4       0x1c ./Drivers/STM32F4xx_HAL_Driver/Src/stm32f4xx_hal_i2c.o
                0x080032f4                HAL_I2C_AddrCallback
 .text.HAL_I2C_ListenCpltCallback
                0x08003310       0x14 ./Drivers/STM32F4xx_HAL_Driver/Src/stm32f4xx_hal_i2c.o
                0x08003310                HAL_I2C_ListenCpltCallback
 .text.HAL_I2C_ErrorCallback
                0x08003324       0x14 ./Drivers/STM32F4xx_HAL_Driver/Src/stm32f4xx_hal_i2c.o
                0x08003324                HAL_I2C_ErrorCallback
 .text.HAL_I2C_AbortCpltCallback
                0x08003338       0x14 ./Drivers/STM32F4xx_HAL_Driver/Src/stm32f4xx_hal_i2c.o
                0x08003338                HAL_I2C_AbortCpltCallback
 .text.I2C_MasterTransmit_TXE
                0x0800334c      0x138 ./Drivers/STM32F4xx_HAL_Driver/Src/stm32f4xx_hal_i2c.o
 .text.I2C_MasterTransmit_BTF
                0x08003484       0xec ./Drivers/STM32F4xx_HAL_Driver/Src/stm32f4xx_hal_i2c.o
 .text.I2C_MemoryTransmit_TXE_BTF
                0x08003570      0x130 ./Drivers/STM32F4xx_HAL_Driver/Src/stm32f4xx_hal_i2c.o
 .text.I2C_MasterReceive_RXNE
                0x080036a0      0x190 ./Drivers/STM32F4xx_HAL_Driver/Src/stm32f4xx_hal_i2c.o
 .text.I2C_MasterReceive_BTF
                0x08003830      0x1e2 ./Drivers/STM32F4xx_HAL_Driver/Src/stm32f4xx_hal_i2c.o
 .text.I2C_Master_SB
                0x08003a12      0x10c ./Drivers/STM32F4xx_HAL_Driver/Src/stm32f4xx_hal_i2c.o
 .text.I2C_Master_ADD10
                0x08003b1e       0x54 ./Drivers/STM32F4xx_HAL_Driver/Src/stm32f4xx_hal_i2c.o
 .text.I2C_Master_ADDR
                0x08003b72      0x322 ./Drivers/STM32F4xx_HAL_Driver/Src/stm32f4xx_hal_i2c.o
 .text.I2C_SlaveTransmit_TXE
                0x08003e94       0x7a ./Drivers/STM32F4xx_HAL_Driver/Src/stm32f4xx_hal_i2c.o
 .text.I2C_SlaveTransmit_BTF
                0x08003f0e       0x42 ./Drivers/STM32F4xx_HAL_Driver/Src/stm32f4xx_hal_i2c.o
 .text.I2C_SlaveReceive_RXNE
                0x08003f50       0x7c ./Drivers/STM32F4xx_HAL_Driver/Src/stm32f4xx_hal_i2c.o
 .text.I2C_SlaveReceive_BTF
                0x08003fcc       0x44 ./Drivers/STM32F4xx_HAL_Driver/Src/stm32f4xx_hal_i2c.o
 .text.I2C_Slave_ADDR
                0x08004010       0x94 ./Drivers/STM32F4xx_HAL_Driver/Src/stm32f4xx_hal_i2c.o
 .text.I2C_Slave_STOPF
                0x080040a4      0x260 ./Drivers/STM32F4xx_HAL_Driver/Src/stm32f4xx_hal_i2c.o
 .text.I2C_Slave_AF
                0x08004304       0xe8 ./Drivers/STM32F4xx_HAL_Driver/Src/stm32f4xx_hal_i2c.o
 .text.I2C_ITError
                0x080043ec      0x264 ./Drivers/STM32F4xx_HAL_Driver/Src/stm32f4xx_hal_i2c.o
 .text.I2C_RequestMemoryWrite
                0x08004650      0x12c ./Drivers/STM32F4xx_HAL_Driver/Src/stm32f4xx_hal_i2c.o
 .text.I2C_RequestMemoryRead
                0x0800477c      0x1d0 ./Drivers/STM32F4xx_HAL_Driver/Src/stm32f4xx_hal_i2c.o
 .text.I2C_DMAXferCplt
                0x0800494c      0x1be ./Drivers/STM32F4xx_HAL_Driver/Src/stm32f4xx_hal_i2c.o
 .text.I2C_DMAError
                0x08004b0a       0x7a ./Drivers/STM32F4xx_HAL_Driver/Src/stm32f4xx_hal_i2c.o
 .text.I2C_DMAAbort
                0x08004b84      0x150 ./Drivers/STM32F4xx_HAL_Driver/Src/stm32f4xx_hal_i2c.o
 .text.I2C_WaitOnFlagUntilTimeout
                0x08004cd4       0xf4 ./Drivers/STM32F4xx_HAL_Driver/Src/stm32f4xx_hal_i2c.o
 .text.I2C_WaitOnMasterAddressFlagUntilTimeout
                0x08004dc8      0x140 ./Drivers/STM32F4xx_HAL_Driver/Src/stm32f4xx_hal_i2c.o
 .text.I2C_WaitOnTXEFlagUntilTimeout
                0x08004f08       0x90 ./Drivers/STM32F4xx_HAL_Driver/Src/stm32f4xx_hal_i2c.o
 .text.I2C_WaitOnSTOPRequestThroughIT
                0x08004f98       0x64 ./Drivers/STM32F4xx_HAL_Driver/Src/stm32f4xx_hal_i2c.o
 .text.I2C_IsAcknowledgeFailed
                0x08004ffc       0x5e ./Drivers/STM32F4xx_HAL_Driver/Src/stm32f4xx_hal_i2c.o
 .text.I2C_ConvertOtherXferOptions
                0x0800505a       0x36 ./Drivers/STM32F4xx_HAL_Driver/Src/stm32f4xx_hal_i2c.o
 .text.HAL_RCC_OscConfig
                0x08005090      0x4f0 ./Drivers/STM32F4xx_HAL_Driver/Src/stm32f4xx_hal_rcc.o
                0x08005090                HAL_RCC_OscConfig
 .text.HAL_RCC_ClockConfig
                0x08005580      0x1cc ./Drivers/STM32F4xx_HAL_Driver/Src/stm32f4xx_hal_rcc.o
                0x08005580                HAL_RCC_ClockConfig
 .text.HAL_RCC_GetSysClockFreq
                0x0800574c      0x18c ./Drivers/STM32F4xx_HAL_Driver/Src/stm32f4xx_hal_rcc.o
                0x0800574c                HAL_RCC_GetSysClockFreq
 .text.HAL_RCC_GetHCLKFreq
                0x080058d8       0x18 ./Drivers/STM32F4xx_HAL_Driver/Src/stm32f4xx_hal_rcc.o
                0x080058d8                HAL_RCC_GetHCLKFreq
 .text.HAL_RCC_GetPCLK1Freq
                0x080058f0       0x28 ./Drivers/STM32F4xx_HAL_Driver/Src/stm32f4xx_hal_rcc.o
                0x080058f0                HAL_RCC_GetPCLK1Freq
 .text.HAL_RCC_GetPCLK2Freq
                0x08005918       0x28 ./Drivers/STM32F4xx_HAL_Driver/Src/stm32f4xx_hal_rcc.o
                0x08005918                HAL_RCC_GetPCLK2Freq
 .text.HAL_RCC_GetClockConfig
                0x08005940       0x64 ./Drivers/STM32F4xx_HAL_Driver/Src/stm32f4xx_hal_rcc.o
                0x08005940                HAL_RCC_GetClockConfig
 .text.HAL_SD_Init
                0x080059a4       0x60 ./Drivers/STM32F4xx_HAL_Driver/Src/stm32f4xx_hal_sd.o
                0x080059a4                HAL_SD_Init
 .text.HAL_SD_InitCard
                0x08005a04       0xf0 ./Drivers/STM32F4xx_HAL_Driver/Src/stm32f4xx_hal_sd.o
                0x08005a04                HAL_SD_InitCard
 .text.HAL_SD_ReadBlocks_DMA
                0x08005af4      0x1c4 ./Drivers/STM32F4xx_HAL_Driver/Src/stm32f4xx_hal_sd.o
                0x08005af4                HAL_SD_ReadBlocks_DMA
 .text.HAL_SD_WriteBlocks_DMA
                0x08005cb8      0x1cc ./Drivers/STM32F4xx_HAL_Driver/Src/stm32f4xx_hal_sd.o
                0x08005cb8                HAL_SD_WriteBlocks_DMA
 .text.HAL_SD_ErrorCallback
                0x08005e84       0x14 ./Drivers/STM32F4xx_HAL_Driver/Src/stm32f4xx_hal_sd.o
                0x08005e84                HAL_SD_ErrorCallback
 .text.HAL_SD_GetCardCSD
                0x08005e98      0x348 ./Drivers/STM32F4xx_HAL_Driver/Src/stm32f4xx_hal_sd.o
                0x08005e98                HAL_SD_GetCardCSD
 .text.HAL_SD_GetCardInfo
                0x080061e0       0x58 ./Drivers/STM32F4xx_HAL_Driver/Src/stm32f4xx_hal_sd.o
                0x080061e0                HAL_SD_GetCardInfo
 .text.HAL_SD_GetCardState
                0x08006238       0x40 ./Drivers/STM32F4xx_HAL_Driver/Src/stm32f4xx_hal_sd.o
                0x08006238                HAL_SD_GetCardState
 .text.SD_DMATransmitCplt
                0x08006278       0x2a ./Drivers/STM32F4xx_HAL_Driver/Src/stm32f4xx_hal_sd.o
 .text.SD_DMAReceiveCplt
                0x080062a2       0x70 ./Drivers/STM32F4xx_HAL_Driver/Src/stm32f4xx_hal_sd.o
 *fill*         0x08006312        0x2 
 .text.SD_DMAError
                0x08006314       0xa4 ./Drivers/STM32F4xx_HAL_Driver/Src/stm32f4xx_hal_sd.o
 .text.SD_InitCard
                0x080063b8      0x19c ./Drivers/STM32F4xx_HAL_Driver/Src/stm32f4xx_hal_sd.o
 .text.SD_PowerON
                0x08006554      0x11c ./Drivers/STM32F4xx_HAL_Driver/Src/stm32f4xx_hal_sd.o
 .text.SD_SendStatus
                0x08006670       0x50 ./Drivers/STM32F4xx_HAL_Driver/Src/stm32f4xx_hal_sd.o
 .text.HAL_SPI_Init
                0x080066c0      0x112 ./Drivers/STM32F4xx_HAL_Driver/Src/stm32f4xx_hal_spi.o
                0x080066c0                HAL_SPI_Init
 .text.HAL_TIM_Base_Init
                0x080067d2       0x9e ./Drivers/STM32F4xx_HAL_Driver/Src/stm32f4xx_hal_tim.o
                0x080067d2                HAL_TIM_Base_Init
 .text.HAL_TIM_Base_MspInit
                0x08006870       0x14 ./Drivers/STM32F4xx_HAL_Driver/Src/stm32f4xx_hal_tim.o
                0x08006870                HAL_TIM_Base_MspInit
 .text.HAL_TIM_Base_Start_IT
                0x08006884       0xe0 ./Drivers/STM32F4xx_HAL_Driver/Src/stm32f4xx_hal_tim.o
                0x08006884                HAL_TIM_Base_Start_IT
 .text.HAL_TIM_IRQHandler
                0x08006964      0x1e0 ./Drivers/STM32F4xx_HAL_Driver/Src/stm32f4xx_hal_tim.o
                0x08006964                HAL_TIM_IRQHandler
 .text.HAL_TIM_OC_DelayElapsedCallback
                0x08006b44       0x14 ./Drivers/STM32F4xx_HAL_Driver/Src/stm32f4xx_hal_tim.o
                0x08006b44                HAL_TIM_OC_DelayElapsedCallback
 .text.HAL_TIM_IC_CaptureCallback
                0x08006b58       0x14 ./Drivers/STM32F4xx_HAL_Driver/Src/stm32f4xx_hal_tim.o
                0x08006b58                HAL_TIM_IC_CaptureCallback
 .text.HAL_TIM_PWM_PulseFinishedCallback
                0x08006b6c       0x14 ./Drivers/STM32F4xx_HAL_Driver/Src/stm32f4xx_hal_tim.o
                0x08006b6c                HAL_TIM_PWM_PulseFinishedCallback
 .text.HAL_TIM_TriggerCallback
                0x08006b80       0x14 ./Drivers/STM32F4xx_HAL_Driver/Src/stm32f4xx_hal_tim.o
                0x08006b80                HAL_TIM_TriggerCallback
 .text.TIM_Base_SetConfig
                0x08006b94      0x14c ./Drivers/STM32F4xx_HAL_Driver/Src/stm32f4xx_hal_tim.o
                0x08006b94                TIM_Base_SetConfig
 .text.HAL_TIMEx_CommutCallback
                0x08006ce0       0x14 ./Drivers/STM32F4xx_HAL_Driver/Src/stm32f4xx_hal_tim_ex.o
                0x08006ce0                HAL_TIMEx_CommutCallback
 .text.HAL_TIMEx_BreakCallback
                0x08006cf4       0x14 ./Drivers/STM32F4xx_HAL_Driver/Src/stm32f4xx_hal_tim_ex.o
                0x08006cf4                HAL_TIMEx_BreakCallback
 .text.HAL_UART_Init
                0x08006d08       0xa0 ./Drivers/STM32F4xx_HAL_Driver/Src/stm32f4xx_hal_uart.o
                0x08006d08                HAL_UART_Init
 .text.UART_SetConfig
                0x08006da8      0x4e8 ./Drivers/STM32F4xx_HAL_Driver/Src/stm32f4xx_hal_uart.o
 .text.SDIO_Init
                0x08007290       0x56 ./Drivers/STM32F4xx_HAL_Driver/Src/stm32f4xx_ll_sdmmc.o
                0x08007290                SDIO_Init
 .text.SDIO_PowerState_ON
                0x080072e6       0x1c ./Drivers/STM32F4xx_HAL_Driver/Src/stm32f4xx_ll_sdmmc.o
                0x080072e6                SDIO_PowerState_ON
 .text.SDIO_GetPowerState
                0x08007302       0x1c ./Drivers/STM32F4xx_HAL_Driver/Src/stm32f4xx_ll_sdmmc.o
                0x08007302                SDIO_GetPowerState
 .text.SDIO_SendCommand
                0x0800731e       0x54 ./Drivers/STM32F4xx_HAL_Driver/Src/stm32f4xx_ll_sdmmc.o
                0x0800731e                SDIO_SendCommand
 .text.SDIO_GetCommandResponse
                0x08007372       0x1a ./Drivers/STM32F4xx_HAL_Driver/Src/stm32f4xx_ll_sdmmc.o
                0x08007372                SDIO_GetCommandResponse
 .text.SDIO_GetResponse
                0x0800738c       0x26 ./Drivers/STM32F4xx_HAL_Driver/Src/stm32f4xx_ll_sdmmc.o
                0x0800738c                SDIO_GetResponse
 .text.SDIO_ConfigData
                0x080073b2       0x58 ./Drivers/STM32F4xx_HAL_Driver/Src/stm32f4xx_ll_sdmmc.o
                0x080073b2                SDIO_ConfigData
 .text.SDMMC_CmdBlockLength
                0x0800740a       0x44 ./Drivers/STM32F4xx_HAL_Driver/Src/stm32f4xx_ll_sdmmc.o
                0x0800740a                SDMMC_CmdBlockLength
 .text.SDMMC_CmdReadSingleBlock
                0x0800744e       0x44 ./Drivers/STM32F4xx_HAL_Driver/Src/stm32f4xx_ll_sdmmc.o
                0x0800744e                SDMMC_CmdReadSingleBlock
 .text.SDMMC_CmdReadMultiBlock
                0x08007492       0x44 ./Drivers/STM32F4xx_HAL_Driver/Src/stm32f4xx_ll_sdmmc.o
                0x08007492                SDMMC_CmdReadMultiBlock
 .text.SDMMC_CmdWriteSingleBlock
                0x080074d6       0x44 ./Drivers/STM32F4xx_HAL_Driver/Src/stm32f4xx_ll_sdmmc.o
                0x080074d6                SDMMC_CmdWriteSingleBlock
 .text.SDMMC_CmdWriteMultiBlock
                0x0800751a       0x44 ./Drivers/STM32F4xx_HAL_Driver/Src/stm32f4xx_ll_sdmmc.o
                0x0800751a                SDMMC_CmdWriteMultiBlock
 *fill*         0x0800755e        0x2 
 .text.SDMMC_CmdStopTransfer
                0x08007560       0x44 ./Drivers/STM32F4xx_HAL_Driver/Src/stm32f4xx_ll_sdmmc.o
                0x08007560                SDMMC_CmdStopTransfer
 .text.SDMMC_CmdSelDesel
                0x080075a4       0x46 ./Drivers/STM32F4xx_HAL_Driver/Src/stm32f4xx_ll_sdmmc.o
                0x080075a4                SDMMC_CmdSelDesel
 .text.SDMMC_CmdGoIdleState
                0x080075ea       0x3c ./Drivers/STM32F4xx_HAL_Driver/Src/stm32f4xx_ll_sdmmc.o
                0x080075ea                SDMMC_CmdGoIdleState
 .text.SDMMC_CmdOperCond
                0x08007626       0x3e ./Drivers/STM32F4xx_HAL_Driver/Src/stm32f4xx_ll_sdmmc.o
                0x08007626                SDMMC_CmdOperCond
 .text.SDMMC_CmdAppCommand
                0x08007664       0x44 ./Drivers/STM32F4xx_HAL_Driver/Src/stm32f4xx_ll_sdmmc.o
                0x08007664                SDMMC_CmdAppCommand
 .text.SDMMC_CmdAppOperCommand
                0x080076a8       0x46 ./Drivers/STM32F4xx_HAL_Driver/Src/stm32f4xx_ll_sdmmc.o
                0x080076a8                SDMMC_CmdAppOperCommand
 .text.SDMMC_CmdSendCID
                0x080076ee       0x3c ./Drivers/STM32F4xx_HAL_Driver/Src/stm32f4xx_ll_sdmmc.o
                0x080076ee                SDMMC_CmdSendCID
 .text.SDMMC_CmdSendCSD
                0x0800772a       0x3e ./Drivers/STM32F4xx_HAL_Driver/Src/stm32f4xx_ll_sdmmc.o
                0x0800772a                SDMMC_CmdSendCSD
 .text.SDMMC_CmdSetRelAdd
                0x08007768       0x42 ./Drivers/STM32F4xx_HAL_Driver/Src/stm32f4xx_ll_sdmmc.o
                0x08007768                SDMMC_CmdSetRelAdd
 .text.SDMMC_CmdSendStatus
                0x080077aa       0x44 ./Drivers/STM32F4xx_HAL_Driver/Src/stm32f4xx_ll_sdmmc.o
                0x080077aa                SDMMC_CmdSendStatus
 *fill*         0x080077ee        0x2 
 .text.SDMMC_GetCmdResp1
                0x080077f0      0x1dc ./Drivers/STM32F4xx_HAL_Driver/Src/stm32f4xx_ll_sdmmc.o
                0x080077f0                SDMMC_GetCmdResp1
 .text.SDMMC_GetCmdResp2
                0x080079cc       0x90 ./Drivers/STM32F4xx_HAL_Driver/Src/stm32f4xx_ll_sdmmc.o
                0x080079cc                SDMMC_GetCmdResp2
 .text.SDMMC_GetCmdResp3
                0x08007a5c       0x7c ./Drivers/STM32F4xx_HAL_Driver/Src/stm32f4xx_ll_sdmmc.o
                0x08007a5c                SDMMC_GetCmdResp3
 .text.SDMMC_GetCmdResp6
                0x08007ad8       0xec ./Drivers/STM32F4xx_HAL_Driver/Src/stm32f4xx_ll_sdmmc.o
                0x08007ad8                SDMMC_GetCmdResp6
 .text.SDMMC_GetCmdResp7
                0x08007bc4       0x9c ./Drivers/STM32F4xx_HAL_Driver/Src/stm32f4xx_ll_sdmmc.o
                0x08007bc4                SDMMC_GetCmdResp7
 .text.SDMMC_GetCmdError
                0x08007c60       0x58 ./Drivers/STM32F4xx_HAL_Driver/Src/stm32f4xx_ll_sdmmc.o
 .text.TMP100_Initialize
                0x08007cb8       0x4a ./Drivers/TMP100/TMP100.o
                0x08007cb8                TMP100_Initialize
 *fill*         0x08007d02        0x2 
 .text.TMP100_GetTemperature
                0x08007d04       0x9c ./Drivers/TMP100/TMP100.o
                0x08007d04                TMP100_GetTemperature
 .text.TMP100_ConfigToValue
                0x08007da0       0xa4 ./Drivers/TMP100/TMP100.o
                0x08007da0                TMP100_ConfigToValue
 .text.MX_FATFS_Init
                0x08007e44       0x24 ./FATFS/App/fatfs.o
                0x08007e44                MX_FATFS_Init
 .text.BSP_SD_Init
                0x08007e68       0x30 ./FATFS/Target/bsp_driver_sd.o
                0x08007e68                BSP_SD_Init
 .text.BSP_SD_ReadBlocks_DMA
                0x08007e98       0x34 ./FATFS/Target/bsp_driver_sd.o
                0x08007e98                BSP_SD_ReadBlocks_DMA
 .text.BSP_SD_WriteBlocks_DMA
                0x08007ecc       0x34 ./FATFS/Target/bsp_driver_sd.o
                0x08007ecc                BSP_SD_WriteBlocks_DMA
 .text.BSP_SD_GetCardState
                0x08007f00       0x20 ./FATFS/Target/bsp_driver_sd.o
                0x08007f00                BSP_SD_GetCardState
 .text.BSP_SD_GetCardInfo
                0x08007f20       0x1c ./FATFS/Target/bsp_driver_sd.o
                0x08007f20                BSP_SD_GetCardInfo
 .text.HAL_SD_RxCpltCallback
                0x08007f3c       0x14 ./FATFS/Target/bsp_driver_sd.o
                0x08007f3c                HAL_SD_RxCpltCallback
 .text.BSP_SD_IsDetected
                0x08007f50       0x24 ./FATFS/Target/bsp_driver_sd.o
                0x08007f50                BSP_SD_IsDetected
 .text.BSP_PlatformIsDetected
                0x08007f74       0x2c ./FATFS/Target/fatfs_platform.o
                0x08007f74                BSP_PlatformIsDetected
 .text.SD_CheckStatusWithTimeout
                0x08007fa0       0x3a ./FATFS/Target/sd_diskio.o
 *fill*         0x08007fda        0x2 
 .text.SD_CheckStatus
                0x08007fdc       0x3c ./FATFS/Target/sd_diskio.o
 .text.SD_initialize
                0x08008018       0x84 ./FATFS/Target/sd_diskio.o
                0x08008018                SD_initialize
 .text.SD_status
                0x0800809c       0x1c ./FATFS/Target/sd_diskio.o
                0x0800809c                SD_status
 .text.SD_read  0x080080b8       0x94 ./FATFS/Target/sd_diskio.o
                0x080080b8                SD_read
 .text.SD_write
                0x0800814c       0x90 ./FATFS/Target/sd_diskio.o
                0x0800814c                SD_write
 .text.SD_ioctl
                0x080081dc       0xb0 ./FATFS/Target/sd_diskio.o
                0x080081dc                SD_ioctl
 .text.BSP_SD_ReadCpltCallback
                0x0800828c       0x24 ./FATFS/Target/sd_diskio.o
                0x0800828c                BSP_SD_ReadCpltCallback
 .text.FATFS_LinkDriverEx
                0x080082b0       0x98 ./Middlewares/Third_Party/FatFs/src/ff_gen_drv.o
                0x080082b0                FATFS_LinkDriverEx
 .text.FATFS_LinkDriver
                0x08008348       0x1e ./Middlewares/Third_Party/FatFs/src/ff_gen_drv.o
                0x08008348                FATFS_LinkDriver
 *fill*         0x08008366        0x2 
 .text.__NVIC_SetPriority
                0x08008368       0x54 ./Middlewares/Third_Party/FreeRTOS/Source/CMSIS_RTOS_V2/cmsis_os2.o
 .text.SysTick_Handler
                0x080083bc       0x20 ./Middlewares/Third_Party/FreeRTOS/Source/CMSIS_RTOS_V2/cmsis_os2.o
                0x080083bc                SysTick_Handler
 .text.SVC_Setup
                0x080083dc       0x12 ./Middlewares/Third_Party/FreeRTOS/Source/CMSIS_RTOS_V2/cmsis_os2.o
 *fill*         0x080083ee        0x2 
 .text.osKernelInitialize
                0x080083f0       0x48 ./Middlewares/Third_Party/FreeRTOS/Source/CMSIS_RTOS_V2/cmsis_os2.o
                0x080083f0                osKernelInitialize
 .text.osKernelGetState
                0x08008438       0x44 ./Middlewares/Third_Party/FreeRTOS/Source/CMSIS_RTOS_V2/cmsis_os2.o
                0x08008438                osKernelGetState
 .text.osKernelStart
                0x0800847c       0x4c ./Middlewares/Third_Party/FreeRTOS/Source/CMSIS_RTOS_V2/cmsis_os2.o
                0x0800847c                osKernelStart
 .text.osKernelGetTickCount
                0x080084c8       0x2a ./Middlewares/Third_Party/FreeRTOS/Source/CMSIS_RTOS_V2/cmsis_os2.o
                0x080084c8                osKernelGetTickCount
 .text.osThreadNew
                0x080084f2      0x124 ./Middlewares/Third_Party/FreeRTOS/Source/CMSIS_RTOS_V2/cmsis_os2.o
                0x080084f2                osThreadNew
 .text.osThreadGetId
                0x08008616       0x16 ./Middlewares/Third_Party/FreeRTOS/Source/CMSIS_RTOS_V2/cmsis_os2.o
                0x08008616                osThreadGetId
 .text.osThreadFlagsSet
                0x0800862c       0x9c ./Middlewares/Third_Party/FreeRTOS/Source/CMSIS_RTOS_V2/cmsis_os2.o
                0x0800862c                osThreadFlagsSet
 .text.osThreadFlagsWait
                0x080086c8      0x102 ./Middlewares/Third_Party/FreeRTOS/Source/CMSIS_RTOS_V2/cmsis_os2.o
                0x080086c8                osThreadFlagsWait
 .text.osDelay  0x080087ca       0x36 ./Middlewares/Third_Party/FreeRTOS/Source/CMSIS_RTOS_V2/cmsis_os2.o
                0x080087ca                osDelay
 .text.osMessageQueueNew
                0x08008800       0xe6 ./Middlewares/Third_Party/FreeRTOS/Source/CMSIS_RTOS_V2/cmsis_os2.o
                0x08008800                osMessageQueueNew
 *fill*         0x080088e6        0x2 
 .text.osMessageQueuePut
                0x080088e8       0xc0 ./Middlewares/Third_Party/FreeRTOS/Source/CMSIS_RTOS_V2/cmsis_os2.o
                0x080088e8                osMessageQueuePut
 .text.osMessageQueueGet
                0x080089a8       0xbc ./Middlewares/Third_Party/FreeRTOS/Source/CMSIS_RTOS_V2/cmsis_os2.o
                0x080089a8                osMessageQueueGet
 .text.vApplicationGetIdleTaskMemory
                0x08008a64       0x34 ./Middlewares/Third_Party/FreeRTOS/Source/CMSIS_RTOS_V2/cmsis_os2.o
                0x08008a64                vApplicationGetIdleTaskMemory
 .text.vApplicationGetTimerTaskMemory
                0x08008a98       0x34 ./Middlewares/Third_Party/FreeRTOS/Source/CMSIS_RTOS_V2/cmsis_os2.o
                0x08008a98                vApplicationGetTimerTaskMemory
 .text.vListInitialise
                0x08008acc       0x40 ./Middlewares/Third_Party/FreeRTOS/Source/list.o
                0x08008acc                vListInitialise
 .text.vListInitialiseItem
                0x08008b0c       0x1a ./Middlewares/Third_Party/FreeRTOS/Source/list.o
                0x08008b0c                vListInitialiseItem
 .text.vListInsertEnd
                0x08008b26       0x48 ./Middlewares/Third_Party/FreeRTOS/Source/list.o
                0x08008b26                vListInsertEnd
 .text.vListInsert
                0x08008b6e       0x72 ./Middlewares/Third_Party/FreeRTOS/Source/list.o
                0x08008b6e                vListInsert
 .text.uxListRemove
                0x08008be0       0x54 ./Middlewares/Third_Party/FreeRTOS/Source/list.o
                0x08008be0                uxListRemove
 .text.xQueueGenericReset
                0x08008c34       0xd4 ./Middlewares/Third_Party/FreeRTOS/Source/queue.o
                0x08008c34                xQueueGenericReset
 .text.xQueueGenericCreateStatic
                0x08008d08       0xfa ./Middlewares/Third_Party/FreeRTOS/Source/queue.o
                0x08008d08                xQueueGenericCreateStatic
 .text.xQueueGenericCreate
                0x08008e02       0x76 ./Middlewares/Third_Party/FreeRTOS/Source/queue.o
                0x08008e02                xQueueGenericCreate
 .text.prvInitialiseNewQueue
                0x08008e78       0x46 ./Middlewares/Third_Party/FreeRTOS/Source/queue.o
 *fill*         0x08008ebe        0x2 
 .text.xQueueGenericSend
                0x08008ec0      0x204 ./Middlewares/Third_Party/FreeRTOS/Source/queue.o
                0x08008ec0                xQueueGenericSend
 .text.xQueueGenericSendFromISR
                0x080090c4      0x13c ./Middlewares/Third_Party/FreeRTOS/Source/queue.o
                0x080090c4                xQueueGenericSendFromISR
 .text.xQueueReceive
                0x08009200      0x1c4 ./Middlewares/Third_Party/FreeRTOS/Source/queue.o
                0x08009200                xQueueReceive
 .text.xQueueReceiveFromISR
                0x080093c4      0x104 ./Middlewares/Third_Party/FreeRTOS/Source/queue.o
                0x080093c4                xQueueReceiveFromISR
 .text.prvCopyDataToQueue
                0x080094c8       0xd4 ./Middlewares/Third_Party/FreeRTOS/Source/queue.o
 .text.prvCopyDataFromQueue
                0x0800959c       0x4c ./Middlewares/Third_Party/FreeRTOS/Source/queue.o
 .text.prvUnlockQueue
                0x080095e8       0xa4 ./Middlewares/Third_Party/FreeRTOS/Source/queue.o
 .text.prvIsQueueEmpty
                0x0800968c       0x2c ./Middlewares/Third_Party/FreeRTOS/Source/queue.o
 .text.prvIsQueueFull
                0x080096b8       0x30 ./Middlewares/Third_Party/FreeRTOS/Source/queue.o
 .text.vQueueAddToRegistry
                0x080096e8       0x54 ./Middlewares/Third_Party/FreeRTOS/Source/queue.o
                0x080096e8                vQueueAddToRegistry
 .text.vQueueWaitForMessageRestricted
                0x0800973c       0x68 ./Middlewares/Third_Party/FreeRTOS/Source/queue.o
                0x0800973c                vQueueWaitForMessageRestricted
 .text.xTaskCreateStatic
                0x080097a4       0xc0 ./Middlewares/Third_Party/FreeRTOS/Source/tasks.o
                0x080097a4                xTaskCreateStatic
 .text.xTaskCreate
                0x08009864       0x8a ./Middlewares/Third_Party/FreeRTOS/Source/tasks.o
                0x08009864                xTaskCreate
 .text.prvInitialiseNewTask
                0x080098ee      0x120 ./Middlewares/Third_Party/FreeRTOS/Source/tasks.o
 *fill*         0x08009a0e        0x2 
 .text.prvAddNewTaskToReadyList
                0x08009a10       0xe0 ./Middlewares/Third_Party/FreeRTOS/Source/tasks.o
 .text.vTaskDelay
                0x08009af0       0x6c ./Middlewares/Third_Party/FreeRTOS/Source/tasks.o
                0x08009af0                vTaskDelay
 .text.vTaskStartScheduler
                0x08009b5c       0xd0 ./Middlewares/Third_Party/FreeRTOS/Source/tasks.o
                0x08009b5c                vTaskStartScheduler
 .text.vTaskSuspendAll
                0x08009c2c       0x1c ./Middlewares/Third_Party/FreeRTOS/Source/tasks.o
                0x08009c2c                vTaskSuspendAll
 .text.xTaskResumeAll
                0x08009c48      0x13c ./Middlewares/Third_Party/FreeRTOS/Source/tasks.o
                0x08009c48                xTaskResumeAll
 .text.xTaskGetTickCount
                0x08009d84       0x20 ./Middlewares/Third_Party/FreeRTOS/Source/tasks.o
                0x08009d84                xTaskGetTickCount
 .text.xTaskGetTickCountFromISR
                0x08009da4       0x24 ./Middlewares/Third_Party/FreeRTOS/Source/tasks.o
                0x08009da4                xTaskGetTickCountFromISR
 .text.xTaskIncrementTick
                0x08009dc8      0x174 ./Middlewares/Third_Party/FreeRTOS/Source/tasks.o
                0x08009dc8                xTaskIncrementTick
 .text.vTaskSwitchContext
                0x08009f3c       0xbc ./Middlewares/Third_Party/FreeRTOS/Source/tasks.o
                0x08009f3c                vTaskSwitchContext
 .text.vTaskPlaceOnEventList
                0x08009ff8       0x4c ./Middlewares/Third_Party/FreeRTOS/Source/tasks.o
                0x08009ff8                vTaskPlaceOnEventList
 .text.vTaskPlaceOnEventListRestricted
                0x0800a044       0x58 ./Middlewares/Third_Party/FreeRTOS/Source/tasks.o
                0x0800a044                vTaskPlaceOnEventListRestricted
 .text.xTaskRemoveFromEventList
                0x0800a09c       0xc8 ./Middlewares/Third_Party/FreeRTOS/Source/tasks.o
                0x0800a09c                xTaskRemoveFromEventList
 .text.vTaskInternalSetTimeOutState
                0x0800a164       0x2c ./Middlewares/Third_Party/FreeRTOS/Source/tasks.o
                0x0800a164                vTaskInternalSetTimeOutState
 .text.xTaskCheckForTimeOut
                0x0800a190       0xc8 ./Middlewares/Third_Party/FreeRTOS/Source/tasks.o
                0x0800a190                xTaskCheckForTimeOut
 .text.vTaskMissedYield
                0x0800a258       0x18 ./Middlewares/Third_Party/FreeRTOS/Source/tasks.o
                0x0800a258                vTaskMissedYield
 .text.prvIdleTask
                0x0800a270       0x30 ./Middlewares/Third_Party/FreeRTOS/Source/tasks.o
 .text.prvInitialiseTaskLists
                0x0800a2a0       0x80 ./Middlewares/Third_Party/FreeRTOS/Source/tasks.o
 .text.prvCheckTasksWaitingTermination
                0x0800a320       0x5c ./Middlewares/Third_Party/FreeRTOS/Source/tasks.o
 .text.prvDeleteTCB
                0x0800a37c       0x60 ./Middlewares/Third_Party/FreeRTOS/Source/tasks.o
 .text.prvResetNextTaskUnblockTime
                0x0800a3dc       0x40 ./Middlewares/Third_Party/FreeRTOS/Source/tasks.o
 .text.xTaskGetCurrentTaskHandle
                0x0800a41c       0x20 ./Middlewares/Third_Party/FreeRTOS/Source/tasks.o
                0x0800a41c                xTaskGetCurrentTaskHandle
 .text.xTaskGetSchedulerState
                0x0800a43c       0x3c ./Middlewares/Third_Party/FreeRTOS/Source/tasks.o
                0x0800a43c                xTaskGetSchedulerState
 .text.xTaskPriorityDisinherit
                0x0800a478       0xe0 ./Middlewares/Third_Party/FreeRTOS/Source/tasks.o
                0x0800a478                xTaskPriorityDisinherit
 .text.xTaskNotifyWait
                0x0800a558       0xb4 ./Middlewares/Third_Party/FreeRTOS/Source/tasks.o
                0x0800a558                xTaskNotifyWait
 .text.xTaskGenericNotify
                0x0800a60c      0x174 ./Middlewares/Third_Party/FreeRTOS/Source/tasks.o
                0x0800a60c                xTaskGenericNotify
 .text.xTaskGenericNotifyFromISR
                0x0800a780      0x1c0 ./Middlewares/Third_Party/FreeRTOS/Source/tasks.o
                0x0800a780                xTaskGenericNotifyFromISR
 .text.prvAddCurrentTaskToDelayedList
                0x0800a940       0xa8 ./Middlewares/Third_Party/FreeRTOS/Source/tasks.o
 .text.xTimerCreateTimerTask
                0x0800a9e8       0x94 ./Middlewares/Third_Party/FreeRTOS/Source/timers.o
                0x0800a9e8                xTimerCreateTimerTask
 .text.xTimerGenericCommand
                0x0800aa7c       0x9c ./Middlewares/Third_Party/FreeRTOS/Source/timers.o
                0x0800aa7c                xTimerGenericCommand
 .text.prvProcessExpiredTimer
                0x0800ab18       0x9c ./Middlewares/Third_Party/FreeRTOS/Source/timers.o
 .text.prvTimerTask
                0x0800abb4       0x26 ./Middlewares/Third_Party/FreeRTOS/Source/timers.o
 *fill*         0x0800abda        0x2 
 .text.prvProcessTimerOrBlockTask
                0x0800abdc       0x9c ./Middlewares/Third_Party/FreeRTOS/Source/timers.o
 .text.prvGetNextExpireTime
                0x0800ac78       0x48 ./Middlewares/Third_Party/FreeRTOS/Source/timers.o
 .text.prvSampleTimeNow
                0x0800acc0       0x40 ./Middlewares/Third_Party/FreeRTOS/Source/timers.o
 .text.prvInsertTimerInActiveList
                0x0800ad00       0x84 ./Middlewares/Third_Party/FreeRTOS/Source/timers.o
 .text.prvProcessReceivedCommands
                0x0800ad84      0x1cc ./Middlewares/Third_Party/FreeRTOS/Source/timers.o
 .text.prvSwitchTimerLists
                0x0800af50       0xcc ./Middlewares/Third_Party/FreeRTOS/Source/timers.o
 .text.prvCheckForValidListAndQueue
                0x0800b01c       0x80 ./Middlewares/Third_Party/FreeRTOS/Source/timers.o
 .text.pxPortInitialiseStack
                0x0800b09c       0x68 ./Middlewares/Third_Party/FreeRTOS/Source/portable/GCC/ARM_CM4F/port.o
                0x0800b09c                pxPortInitialiseStack
 .text.prvTaskExitError
                0x0800b104       0x5c ./Middlewares/Third_Party/FreeRTOS/Source/portable/GCC/ARM_CM4F/port.o
 .text.SVC_Handler
                0x0800b160       0x28 ./Middlewares/Third_Party/FreeRTOS/Source/portable/GCC/ARM_CM4F/port.o
                0x0800b160                SVC_Handler
 .text.prvPortStartFirstTask
                0x0800b188       0x28 ./Middlewares/Third_Party/FreeRTOS/Source/portable/GCC/ARM_CM4F/port.o
 .text.xPortStartScheduler
                0x0800b1b0      0x148 ./Middlewares/Third_Party/FreeRTOS/Source/portable/GCC/ARM_CM4F/port.o
                0x0800b1b0                xPortStartScheduler
 .text.vPortEnterCritical
                0x0800b2f8       0x64 ./Middlewares/Third_Party/FreeRTOS/Source/portable/GCC/ARM_CM4F/port.o
                0x0800b2f8                vPortEnterCritical
 .text.vPortExitCritical
                0x0800b35c       0x54 ./Middlewares/Third_Party/FreeRTOS/Source/portable/GCC/ARM_CM4F/port.o
                0x0800b35c                vPortExitCritical
 .text.PendSV_Handler
                0x0800b3b0       0x68 ./Middlewares/Third_Party/FreeRTOS/Source/portable/GCC/ARM_CM4F/port.o
                0x0800b3b0                PendSV_Handler
 .text.xPortSysTickHandler
                0x0800b418       0x44 ./Middlewares/Third_Party/FreeRTOS/Source/portable/GCC/ARM_CM4F/port.o
                0x0800b418                xPortSysTickHandler
 .text.vPortSetupTimerInterrupt
                0x0800b45c       0x48 ./Middlewares/Third_Party/FreeRTOS/Source/portable/GCC/ARM_CM4F/port.o
                0x0800b45c                vPortSetupTimerInterrupt
 .text.vPortEnableVFP
                0x0800b4a4       0x14 ./Middlewares/Third_Party/FreeRTOS/Source/portable/GCC/ARM_CM4F/port.o
 .text.vPortValidateInterruptPriority
                0x0800b4b8       0x84 ./Middlewares/Third_Party/FreeRTOS/Source/portable/GCC/ARM_CM4F/port.o
                0x0800b4b8                vPortValidateInterruptPriority
 .text.pvPortMalloc
                0x0800b53c      0x19c ./Middlewares/Third_Party/FreeRTOS/Source/portable/MemMang/heap_4.o
                0x0800b53c                pvPortMalloc
 .text.vPortFree
                0x0800b6d8       0xc8 ./Middlewares/Third_Party/FreeRTOS/Source/portable/MemMang/heap_4.o
                0x0800b6d8                vPortFree
 .text.prvHeapInit
                0x0800b7a0       0xc4 ./Middlewares/Third_Party/FreeRTOS/Source/portable/MemMang/heap_4.o
 .text.prvInsertBlockIntoFreeList
                0x0800b864       0xb4 ./Middlewares/Third_Party/FreeRTOS/Source/portable/MemMang/heap_4.o
 .text.memset   0x0800b918       0x10 /opt/st/stm32cubeide_2.0.0/plugins/com.st.stm32cube.ide.mcu.externaltools.gnu-tools-for-stm32.13.3.rel1.linux64_1.0.100.202509120712/tools/bin/../lib/gcc/arm-none-eabi/13.3.1/../../../../arm-none-eabi/lib/thumb/v7e-m+fp/hard/libc_nano.a(libc_a-memset.o)
                0x0800b918                memset
 .text.__libc_init_array
                0x0800b928       0x48 /opt/st/stm32cubeide_2.0.0/plugins/com.st.stm32cube.ide.mcu.externaltools.gnu-tools-for-stm32.13.3.rel1.linux64_1.0.100.202509120712/tools/bin/../lib/gcc/arm-none-eabi/13.3.1/../../../../arm-none-eabi/lib/thumb/v7e-m+fp/hard/libc_nano.a(libc_a-init.o)
                0x0800b928                __libc_init_array
 .text.memcpy   0x0800b970       0x1c /opt/st/stm32cubeide_2.0.0/plugins/com.st.stm32cube.ide.mcu.externaltools.gnu-tools-for-stm32.13.3.rel1.linux64_1.0.100.202509120712/tools/bin/../lib/gcc/arm-none-eabi/13.3.1/../../../../arm-none-eabi/lib/thumb/v7e-m+fp/hard/libc_nano.a(libc_a-memcpy-stub.o)
                0x0800b970                memcpy
 *(.glue_7)
 .glue_7        0x0800b98c        0x0 linker stubs
 *(.glue_7t)
 .glue_7t       0x0800b98c        0x0 linker stubs
 *(.eh_frame)
 .eh_frame      0x0800b98c        0x0 /opt/st/stm32cubeide_2.0.0/plugins/com.st.stm32cube.ide.mcu.externaltools.gnu-tools-for-stm32.13.3.rel1.linux64_1.0.100.202509120712/tools/bin/../lib/gcc/arm-none-eabi/13.3.1/thumb/v7e-m+fp/hard/crtbegin.o
 *(.init)
 .init          0x0800b98c        0x4 /opt/st/stm32cubeide_2.0.0/plugins/com.st.stm32cube.ide.mcu.externaltools.gnu-tools-for-stm32.13.3.rel1.linux64_1.0.100.202509120712/tools/bin/../lib/gcc/arm-none-eabi/13.3.1/thumb/v7e-m+fp/hard/crti.o
                0x0800b98c                _init
 .init          0x0800b990        0x8 /opt/st/stm32cubeide_2.0.0/plugins/com.st.stm32cube.ide.mcu.externaltools.gnu-tools-for-stm32.13.3.rel1.linux64_1.0.100.202509120712/tools/bin/../lib/gcc/arm-none-eabi/13.3.1/thumb/v7e-m+fp/hard/crtn.o
 *(.fini)
 .fini          0x0800b998        0x4 /opt/st/stm32cubeide_2.0.0/plugins/com.st.stm32cube.ide.mcu.externaltools.gnu-tools-for-stm32.13.3.rel1.linux64_1.0.100.202509120712/tools/bin/../lib/gcc/arm-none-eabi/13.3.1/thumb/v7e-m+fp/hard/crti.o
                0x0800b998                _fini
 .fini          0x0800b99c        0x8 /opt/st/stm32cubeide_2.0.0/plugins/com.st.stm32cube.ide.mcu.externaltools.gnu-tools-for-stm32.13.3.rel1.linux64_1.0.100.202509120712/tools/bin/../lib/gcc/arm-none-eabi/13.3.1/thumb/v7e-m+fp/hard/crtn.o
                0x0800b9a4                        . = ALIGN (0x4)
                0x0800b9a4                        _etext = .

.vfp11_veneer   0x0800b9a4        0x0
 .vfp11_veneer  0x0800b9a4        0x0 linker stubs

.v4_bx          0x0800b9a4        0x0
 .v4_bx         0x0800b9a4        0x0 linker stubs

.iplt           0x0800b9a4        0x0
 .iplt          0x0800b9a4        0x0 /opt/st/stm32cubeide_2.0.0/plugins/com.st.stm32cube.ide.mcu.externaltools.gnu-tools-for-stm32.13.3.rel1.linux64_1.0.100.202509120712/tools/bin/../lib/gcc/arm-none-eabi/13.3.1/thumb/v7e-m+fp/hard/crtbegin.o

.rodata         0x0800b9a4      0x178
                0x0800b9a4                        . = ALIGN (0x4)
 *(.rodata)
 .rodata        0x0800b9a4       0x54 ./Core/Src/main.o
 .rodata        0x0800b9f8        0x5 ./Middlewares/Third_Party/FreeRTOS/Source/tasks.o
 *fill*         0x0800b9fd        0x3 
 .rodata        0x0800ba00        0xd ./Middlewares/Third_Party/FreeRTOS/Source/timers.o
 *(.rodata*)
 *fill*         0x0800ba0d        0x3 
 .rodata.defaultTask_attributes
                0x0800ba10       0x24 ./Core/Src/main.o
                0x0800ba10                defaultTask_attributes
 .rodata.i2cServiceTask_attributes
                0x0800ba34       0x24 ./Core/Src/main.o
                0x0800ba34                i2cServiceTask_attributes
 .rodata.sensorDataUpdaterTask_attributes
                0x0800ba58       0x24 ./Core/Src/main.o
                0x0800ba58                sensorDataUpdaterTask_attributes
 .rodata.tempTask_attributes
                0x0800ba7c       0x24 ./Core/Src/main.o
                0x0800ba7c                tempTask_attributes
 .rodata.baroTask_attributes
                0x0800baa0       0x24 ./Core/Src/main.o
                0x0800baa0                baroTask_attributes
 .rodata.magTask_attributes
                0x0800bac4       0x24 ./Core/Src/main.o
                0x0800bac4                magTask_attributes
 .rodata.AHBPrescTable
                0x0800bae8       0x10 ./Core/Src/system_stm32f4xx.o
                0x0800bae8                AHBPrescTable
 .rodata.APBPrescTable
                0x0800baf8        0x8 ./Core/Src/system_stm32f4xx.o
                0x0800baf8                APBPrescTable
 .rodata.flagBitshiftOffset.0
                0x0800bb00        0x8 ./Drivers/STM32F4xx_HAL_Driver/Src/stm32f4xx_hal_dma.o
 .rodata.SD_Driver
                0x0800bb08       0x14 ./FATFS/Target/sd_diskio.o
                0x0800bb08                SD_Driver
                0x0800bb1c                        . = ALIGN (0x4)

.ARM.extab      0x0800bb1c        0x0
                0x0800bb1c                        . = ALIGN (0x4)
 *(.ARM.extab* .gnu.linkonce.armextab.*)
                0x0800bb1c                        . = ALIGN (0x4)

.ARM            0x0800bb1c        0x8
                0x0800bb1c                        . = ALIGN (0x4)
                0x0800bb1c                        __exidx_start = .
 *(.ARM.exidx*)
 .ARM.exidx     0x0800bb1c        0x8 /opt/st/stm32cubeide_2.0.0/plugins/com.st.stm32cube.ide.mcu.externaltools.gnu-tools-for-stm32.13.3.rel1.linux64_1.0.100.202509120712/tools/bin/../lib/gcc/arm-none-eabi/13.3.1/thumb/v7e-m+fp/hard/libgcc.a(_udivmoddi4.o)
                0x0800bb24                        __exidx_end = .
                0x0800bb24                        . = ALIGN (0x4)

.preinit_array  0x0800bb24        0x0
                0x0800bb24                        . = ALIGN (0x4)
                0x0800bb24                        PROVIDE (__preinit_array_start = .)
 *(.preinit_array*)
                0x0800bb24                        PROVIDE (__preinit_array_end = .)
                0x0800bb24                        . = ALIGN (0x4)

.init_array     0x0800bb24        0x4
                0x0800bb24                        . = ALIGN (0x4)
                0x0800bb24                        PROVIDE (__init_array_start = .)
 *(SORT_BY_NAME(.init_array.*))
 *(.init_array*)
 .init_array    0x0800bb24        0x4 /opt/st/stm32cubeide_2.0.0/plugins/com.st.stm32cube.ide.mcu.externaltools.gnu-tools-for-stm32.13.3.rel1.linux64_1.0.100.202509120712/tools/bin/../lib/gcc/arm-none-eabi/13.3.1/thumb/v7e-m+fp/hard/crtbegin.o
                0x0800bb28                        PROVIDE (__init_array_end = .)
                0x0800bb28                        . = ALIGN (0x4)

.fini_array     0x0800bb28        0x4
                0x0800bb28                        . = ALIGN (0x4)
                [!provide]                        PROVIDE (__fini_array_start = .)
 *(SORT_BY_NAME(.fini_array.*))
 *(.fini_array*)
 .fini_array    0x0800bb28        0x4 /opt/st/stm32cubeide_2.0.0/plugins/com.st.stm32cube.ide.mcu.externaltools.gnu-tools-for-stm32.13.3.rel1.linux64_1.0.100.202509120712/tools/bin/../lib/gcc/arm-none-eabi/13.3.1/thumb/v7e-m+fp/hard/crtbegin.o
                [!provide]                        PROVIDE (__fini_array_end = .)
                0x0800bb2c                        . = ALIGN (0x4)
                0x0800bb2c                        _sidata = LOADADDR (.data)

.rel.dyn        0x0800bb2c        0x0
 .rel.iplt      0x0800bb2c        0x0 /opt/st/stm32cubeide_2.0.0/plugins/com.st.stm32cube.ide.mcu.externaltools.gnu-tools-for-stm32.13.3.rel1.linux64_1.0.100.202509120712/tools/bin/../lib/gcc/arm-none-eabi/13.3.1/thumb/v7e-m+fp/hard/crtbegin.o

.data           0x20000000       0x10 load address 0x0800bb2c
                0x20000000                        . = ALIGN (0x4)
                0x20000000                        _sdata = .
 *(.data)
 *(.data*)
 .data.SystemCoreClock
                0x20000000        0x4 ./Core/Src/system_stm32f4xx.o
                0x20000000                SystemCoreClock
 .data.uwTickPrio
                0x20000004        0x4 ./Drivers/STM32F4xx_HAL_Driver/Src/stm32f4xx_hal.o
                0x20000004                uwTickPrio
 .data.uwTickFreq
                0x20000008        0x1 ./Drivers/STM32F4xx_HAL_Driver/Src/stm32f4xx_hal.o
                0x20000008                uwTickFreq
 .data.Stat     0x20000009        0x1 ./FATFS/Target/sd_diskio.o
 *fill*         0x2000000a        0x2 
 .data.uxCriticalNesting
                0x2000000c        0x4 ./Middlewares/Third_Party/FreeRTOS/Source/portable/GCC/ARM_CM4F/port.o
 *(.RamFunc)
 *(.RamFunc*)
                0x20000010                        . = ALIGN (0x4)
                0x20000010                        _edata = .
                0x0800bb3c                        _siccmram = LOADADDR (.ccmram)

.igot.plt       0x20000010        0x0 load address 0x0800bb3c
 .igot.plt      0x20000010        0x0 /opt/st/stm32cubeide_2.0.0/plugins/com.st.stm32cube.ide.mcu.externaltools.gnu-tools-for-stm32.13.3.rel1.linux64_1.0.100.202509120712/tools/bin/../lib/gcc/arm-none-eabi/13.3.1/thumb/v7e-m+fp/hard/crtbegin.o

.ccmram         0x10000000        0x0 load address 0x0800bb3c
                0x10000000                        . = ALIGN (0x4)
                0x10000000                        _sccmram = .
 *(.ccmram)
 *(.ccmram*)
                0x10000000                        . = ALIGN (0x4)
                0x10000000                        _eccmram = .
                0x10000000                        . = ALIGN (0x4)

.bss            0x20000010     0x4e44
                0x20000010                        _sbss = .
                0x20000010                        __bss_start__ = _sbss
 *(.bss)
 .bss           0x20000010       0x1c /opt/st/stm32cubeide_2.0.0/plugins/com.st.stm32cube.ide.mcu.externaltools.gnu-tools-for-stm32.13.3.rel1.linux64_1.0.100.202509120712/tools/bin/../lib/gcc/arm-none-eabi/13.3.1/thumb/v7e-m+fp/hard/crtbegin.o
 *(.bss*)
 .bss.hi2c1     0x2000002c       0x54 ./Core/Src/main.o
                0x2000002c                hi2c1
 .bss.hi2c2     0x20000080       0x54 ./Core/Src/main.o
                0x20000080                hi2c2
 .bss.hi2c3     0x200000d4       0x54 ./Core/Src/main.o
                0x200000d4                hi2c3
 .bss.hdma_i2c2_rx
                0x20000128       0x60 ./Core/Src/main.o
                0x20000128                hdma_i2c2_rx
 .bss.hdma_i2c2_tx
                0x20000188       0x60 ./Core/Src/main.o
                0x20000188                hdma_i2c2_tx
 .bss.hsd       0x200001e8       0x84 ./Core/Src/main.o
                0x200001e8                hsd
 .bss.hspi1     0x2000026c       0x58 ./Core/Src/main.o
                0x2000026c                hspi1
 .bss.hspi2     0x200002c4       0x58 ./Core/Src/main.o
                0x200002c4                hspi2
 .bss.huart4    0x2000031c       0x48 ./Core/Src/main.o
                0x2000031c                huart4
 .bss.huart1    0x20000364       0x48 ./Core/Src/main.o
                0x20000364                huart1
 .bss.huart2    0x200003ac       0x48 ./Core/Src/main.o
                0x200003ac                huart2
 .bss.huart3    0x200003f4       0x48 ./Core/Src/main.o
                0x200003f4                huart3
 .bss.defaultTaskHandle
                0x2000043c        0x4 ./Core/Src/main.o
                0x2000043c                defaultTaskHandle
 .bss.i2cServiceTaskHandle
                0x20000440        0x4 ./Core/Src/main.o
                0x20000440                i2cServiceTaskHandle
 .bss.sensorDataUpdaterTaskHandle
                0x20000444        0x4 ./Core/Src/main.o
                0x20000444                sensorDataUpdaterTaskHandle
 .bss.tempTaskHandle
                0x20000448        0x4 ./Core/Src/main.o
                0x20000448                tempTaskHandle
 .bss.baroTaskHandle
                0x2000044c        0x4 ./Core/Src/main.o
                0x2000044c                baroTaskHandle
 .bss.magTaskHandle
                0x20000450        0x4 ./Core/Src/main.o
                0x20000450                magTaskHandle
 .bss.gData     0x20000454       0x44 ./Core/Src/main.o
                0x20000454                gData
 .bss.i2cQueue  0x20000498        0x4 ./Core/Src/main.o
                0x20000498                i2cQueue
 .bss.sensorQueue
                0x2000049c        0x4 ./Core/Src/main.o
                0x2000049c                sensorQueue
 .bss.htim1     0x200004a0       0x48 ./Core/Src/stm32f4xx_hal_timebase_tim.o
                0x200004a0                htim1
 .bss.uwTick    0x200004e8        0x4 ./Drivers/STM32F4xx_HAL_Driver/Src/stm32f4xx_hal.o
                0x200004e8                uwTick
 .bss.retSD     0x200004ec        0x1 ./FATFS/App/fatfs.o
                0x200004ec                retSD
 *fill*         0x200004ed        0x3 
 .bss.SDPath    0x200004f0        0x4 ./FATFS/App/fatfs.o
                0x200004f0                SDPath
 .bss.SDQueueID
                0x200004f4        0x4 ./FATFS/Target/sd_diskio.o
 .bss.disk      0x200004f8        0xc ./Middlewares/Third_Party/FatFs/src/ff_gen_drv.o
                0x200004f8                disk
 .bss.KernelState
                0x20000504        0x4 ./Middlewares/Third_Party/FreeRTOS/Source/CMSIS_RTOS_V2/cmsis_os2.o
 .bss.Idle_TCB.3
                0x20000508       0x5c ./Middlewares/Third_Party/FreeRTOS/Source/CMSIS_RTOS_V2/cmsis_os2.o
 .bss.Idle_Stack.2
                0x20000564      0x200 ./Middlewares/Third_Party/FreeRTOS/Source/CMSIS_RTOS_V2/cmsis_os2.o
 .bss.Timer_TCB.1
                0x20000764       0x5c ./Middlewares/Third_Party/FreeRTOS/Source/CMSIS_RTOS_V2/cmsis_os2.o
 .bss.Timer_Stack.0
                0x200007c0      0x400 ./Middlewares/Third_Party/FreeRTOS/Source/CMSIS_RTOS_V2/cmsis_os2.o
 .bss.xQueueRegistry
                0x20000bc0       0x40 ./Middlewares/Third_Party/FreeRTOS/Source/queue.o
                0x20000bc0                xQueueRegistry
 .bss.pxCurrentTCB
                0x20000c00        0x4 ./Middlewares/Third_Party/FreeRTOS/Source/tasks.o
                0x20000c00                pxCurrentTCB
 .bss.pxReadyTasksLists
                0x20000c04      0x460 ./Middlewares/Third_Party/FreeRTOS/Source/tasks.o
 .bss.xDelayedTaskList1
                0x20001064       0x14 ./Middlewares/Third_Party/FreeRTOS/Source/tasks.o
 .bss.xDelayedTaskList2
                0x20001078       0x14 ./Middlewares/Third_Party/FreeRTOS/Source/tasks.o
 .bss.pxDelayedTaskList
                0x2000108c        0x4 ./Middlewares/Third_Party/FreeRTOS/Source/tasks.o
 .bss.pxOverflowDelayedTaskList
                0x20001090        0x4 ./Middlewares/Third_Party/FreeRTOS/Source/tasks.o
 .bss.xPendingReadyList
                0x20001094       0x14 ./Middlewares/Third_Party/FreeRTOS/Source/tasks.o
 .bss.xTasksWaitingTermination
                0x200010a8       0x14 ./Middlewares/Third_Party/FreeRTOS/Source/tasks.o
 .bss.uxDeletedTasksWaitingCleanUp
                0x200010bc        0x4 ./Middlewares/Third_Party/FreeRTOS/Source/tasks.o
 .bss.xSuspendedTaskList
                0x200010c0       0x14 ./Middlewares/Third_Party/FreeRTOS/Source/tasks.o
 .bss.uxCurrentNumberOfTasks
                0x200010d4        0x4 ./Middlewares/Third_Party/FreeRTOS/Source/tasks.o
 .bss.xTickCount
                0x200010d8        0x4 ./Middlewares/Third_Party/FreeRTOS/Source/tasks.o
 .bss.uxTopReadyPriority
                0x200010dc        0x4 ./Middlewares/Third_Party/FreeRTOS/Source/tasks.o
 .bss.xSchedulerRunning
                0x200010e0        0x4 ./Middlewares/Third_Party/FreeRTOS/Source/tasks.o
 .bss.xPendedTicks
                0x200010e4        0x4 ./Middlewares/Third_Party/FreeRTOS/Source/tasks.o
 .bss.xYieldPending
                0x200010e8        0x4 ./Middlewares/Third_Party/FreeRTOS/Source/tasks.o
 .bss.xNumOfOverflows
                0x200010ec        0x4 ./Middlewares/Third_Party/FreeRTOS/Source/tasks.o
 .bss.uxTaskNumber
                0x200010f0        0x4 ./Middlewares/Third_Party/FreeRTOS/Source/tasks.o
 .bss.xNextTaskUnblockTime
                0x200010f4        0x4 ./Middlewares/Third_Party/FreeRTOS/Source/tasks.o
 .bss.xIdleTaskHandle
                0x200010f8        0x4 ./Middlewares/Third_Party/FreeRTOS/Source/tasks.o
 .bss.uxSchedulerSuspended
                0x200010fc        0x4 ./Middlewares/Third_Party/FreeRTOS/Source/tasks.o
 .bss.xActiveTimerList1
                0x20001100       0x14 ./Middlewares/Third_Party/FreeRTOS/Source/timers.o
 .bss.xActiveTimerList2
                0x20001114       0x14 ./Middlewares/Third_Party/FreeRTOS/Source/timers.o
 .bss.pxCurrentTimerList
                0x20001128        0x4 ./Middlewares/Third_Party/FreeRTOS/Source/timers.o
 .bss.pxOverflowTimerList
                0x2000112c        0x4 ./Middlewares/Third_Party/FreeRTOS/Source/timers.o
 .bss.xTimerQueue
                0x20001130        0x4 ./Middlewares/Third_Party/FreeRTOS/Source/timers.o
 .bss.xTimerTaskHandle
                0x20001134        0x4 ./Middlewares/Third_Party/FreeRTOS/Source/timers.o
 .bss.xLastTime.2
                0x20001138        0x4 ./Middlewares/Third_Party/FreeRTOS/Source/timers.o
 .bss.ucStaticTimerQueueStorage.1
                0x2000113c       0xa0 ./Middlewares/Third_Party/FreeRTOS/Source/timers.o
 .bss.xStaticTimerQueue.0
                0x200011dc       0x50 ./Middlewares/Third_Party/FreeRTOS/Source/timers.o
 .bss.ucMaxSysCallPriority
                0x2000122c        0x1 ./Middlewares/Third_Party/FreeRTOS/Source/portable/GCC/ARM_CM4F/port.o
 *fill*         0x2000122d        0x3 
 .bss.ulMaxPRIGROUPValue
                0x20001230        0x4 ./Middlewares/Third_Party/FreeRTOS/Source/portable/GCC/ARM_CM4F/port.o
 .bss.ucHeap    0x20001234     0x3c00 ./Middlewares/Third_Party/FreeRTOS/Source/portable/MemMang/heap_4.o
 .bss.xStart    0x20004e34        0x8 ./Middlewares/Third_Party/FreeRTOS/Source/portable/MemMang/heap_4.o
 .bss.pxEnd     0x20004e3c        0x4 ./Middlewares/Third_Party/FreeRTOS/Source/portable/MemMang/heap_4.o
 .bss.xFreeBytesRemaining
                0x20004e40        0x4 ./Middlewares/Third_Party/FreeRTOS/Source/portable/MemMang/heap_4.o
 .bss.xMinimumEverFreeBytesRemaining
                0x20004e44        0x4 ./Middlewares/Third_Party/FreeRTOS/Source/portable/MemMang/heap_4.o
 .bss.xNumberOfSuccessfulAllocations
                0x20004e48        0x4 ./Middlewares/Third_Party/FreeRTOS/Source/portable/MemMang/heap_4.o
 .bss.xNumberOfSuccessfulFrees
                0x20004e4c        0x4 ./Middlewares/Third_Party/FreeRTOS/Source/portable/MemMang/heap_4.o
 .bss.xBlockAllocatedBit
                0x20004e50        0x4 ./Middlewares/Third_Party/FreeRTOS/Source/portable/MemMang/heap_4.o
 *(COMMON)
                0x20004e54                        . = ALIGN (0x4)
                0x20004e54                        _ebss = .
                0x20004e54                        __bss_end__ = _ebss

._user_heap_stack
                0x20004e54      0x604
                0x20004e58                        . = ALIGN (0x8)
 *fill*         0x20004e54        0x4 
                [!provide]                        PROVIDE (end = .)
                0x20004e58                        PROVIDE (_end = .)
                0x20005058                        . = (. + _Min_Heap_Size)
 *fill*         0x20004e58      0x200 
                0x20005458                        . = (. + _Min_Stack_Size)
 *fill*         0x20005058      0x400 
                0x20005458                        . = ALIGN (0x8)

/DISCARD/
 libc.a(*)
 libm.a(*)
 libgcc.a(*)

.ARM.attributes
                0x00000000       0x30
 *(.ARM.attributes)
 .ARM.attributes
                0x00000000       0x22 /opt/st/stm32cubeide_2.0.0/plugins/com.st.stm32cube.ide.mcu.externaltools.gnu-tools-for-stm32.13.3.rel1.linux64_1.0.100.202509120712/tools/bin/../lib/gcc/arm-none-eabi/13.3.1/thumb/v7e-m+fp/hard/crti.o
 .ARM.attributes
                0x00000022       0x34 /opt/st/stm32cubeide_2.0.0/plugins/com.st.stm32cube.ide.mcu.externaltools.gnu-tools-for-stm32.13.3.rel1.linux64_1.0.100.202509120712/tools/bin/../lib/gcc/arm-none-eabi/13.3.1/thumb/v7e-m+fp/hard/crtbegin.o
 .ARM.attributes
                0x00000056       0x34 ./Core/Src/main.o
 .ARM.attributes
                0x0000008a       0x34 ./Core/Src/stm32f4xx_hal_msp.o
 .ARM.attributes
                0x000000be       0x34 ./Core/Src/stm32f4xx_hal_timebase_tim.o
 .ARM.attributes
                0x000000f2       0x34 ./Core/Src/stm32f4xx_it.o
 .ARM.attributes
                0x00000126       0x34 ./Core/Src/system_stm32f4xx.o
 .ARM.attributes
                0x0000015a       0x21 ./Core/Startup/startup_stm32f405rgtx.o
 .ARM.attributes
                0x0000017b       0x34 ./Drivers/STM32F4xx_HAL_Driver/Src/stm32f4xx_hal.o
 .ARM.attributes
                0x000001af       0x34 ./Drivers/STM32F4xx_HAL_Driver/Src/stm32f4xx_hal_cortex.o
 .ARM.attributes
                0x000001e3       0x34 ./Drivers/STM32F4xx_HAL_Driver/Src/stm32f4xx_hal_dma.o
 .ARM.attributes
                0x00000217       0x34 ./Drivers/STM32F4xx_HAL_Driver/Src/stm32f4xx_hal_gpio.o
 .ARM.attributes
                0x0000024b       0x34 ./Drivers/STM32F4xx_HAL_Driver/Src/stm32f4xx_hal_i2c.o
 .ARM.attributes
                0x0000027f       0x34 ./Drivers/STM32F4xx_HAL_Driver/Src/stm32f4xx_hal_rcc.o
 .ARM.attributes
                0x000002b3       0x34 ./Drivers/STM32F4xx_HAL_Driver/Src/stm32f4xx_hal_sd.o
 .ARM.attributes
                0x000002e7       0x34 ./Drivers/STM32F4xx_HAL_Driver/Src/stm32f4xx_hal_spi.o
 .ARM.attributes
                0x0000031b       0x34 ./Drivers/STM32F4xx_HAL_Driver/Src/stm32f4xx_hal_tim.o
 .ARM.attributes
                0x0000034f       0x34 ./Drivers/STM32F4xx_HAL_Driver/Src/stm32f4xx_hal_tim_ex.o
 .ARM.attributes
                0x00000383       0x34 ./Drivers/STM32F4xx_HAL_Driver/Src/stm32f4xx_hal_uart.o
 .ARM.attributes
                0x000003b7       0x34 ./Drivers/STM32F4xx_HAL_Driver/Src/stm32f4xx_ll_sdmmc.o
 .ARM.attributes
                0x000003eb       0x34 ./Drivers/TMP100/TMP100.o
 .ARM.attributes
                0x0000041f       0x34 ./FATFS/App/fatfs.o
 .ARM.attributes
                0x00000453       0x34 ./FATFS/Target/bsp_driver_sd.o
 .ARM.attributes
                0x00000487       0x34 ./FATFS/Target/fatfs_platform.o
 .ARM.attributes
                0x000004bb       0x34 ./FATFS/Target/sd_diskio.o
 .ARM.attributes
                0x000004ef       0x34 ./Middlewares/Third_Party/FatFs/src/ff_gen_drv.o
 .ARM.attributes
                0x00000523       0x34 ./Middlewares/Third_Party/FreeRTOS/Source/CMSIS_RTOS_V2/cmsis_os2.o
 .ARM.attributes
                0x00000557       0x34 ./Middlewares/Third_Party/FreeRTOS/Source/list.o
 .ARM.attributes
                0x0000058b       0x34 ./Middlewares/Third_Party/FreeRTOS/Source/queue.o
 .ARM.attributes
                0x000005bf       0x34 ./Middlewares/Third_Party/FreeRTOS/Source/tasks.o
 .ARM.attributes
                0x000005f3       0x34 ./Middlewares/Third_Party/FreeRTOS/Source/timers.o
 .ARM.attributes
                0x00000627       0x34 ./Middlewares/Third_Party/FreeRTOS/Source/portable/GCC/ARM_CM4F/port.o
 .ARM.attributes
                0x0000065b       0x34 ./Middlewares/Third_Party/FreeRTOS/Source/portable/MemMang/heap_4.o
 .ARM.attributes
                0x0000068f       0x34 /opt/st/stm32cubeide_2.0.0/plugins/com.st.stm32cube.ide.mcu.externaltools.gnu-tools-for-stm32.13.3.rel1.linux64_1.0.100.202509120712/tools/bin/../lib/gcc/arm-none-eabi/13.3.1/../../../../arm-none-eabi/lib/thumb/v7e-m+fp/hard/libc_nano.a(libc_a-memset.o)
 .ARM.attributes
                0x000006c3       0x34 /opt/st/stm32cubeide_2.0.0/plugins/com.st.stm32cube.ide.mcu.externaltools.gnu-tools-for-stm32.13.3.rel1.linux64_1.0.100.202509120712/tools/bin/../lib/gcc/arm-none-eabi/13.3.1/../../../../arm-none-eabi/lib/thumb/v7e-m+fp/hard/libc_nano.a(libc_a-init.o)
 .ARM.attributes
                0x000006f7       0x34 /opt/st/stm32cubeide_2.0.0/plugins/com.st.stm32cube.ide.mcu.externaltools.gnu-tools-for-stm32.13.3.rel1.linux64_1.0.100.202509120712/tools/bin/../lib/gcc/arm-none-eabi/13.3.1/../../../../arm-none-eabi/lib/thumb/v7e-m+fp/hard/libc_nano.a(libc_a-memcpy-stub.o)
 .ARM.attributes
                0x0000072b       0x22 /opt/st/stm32cubeide_2.0.0/plugins/com.st.stm32cube.ide.mcu.externaltools.gnu-tools-for-stm32.13.3.rel1.linux64_1.0.100.202509120712/tools/bin/../lib/gcc/arm-none-eabi/13.3.1/thumb/v7e-m+fp/hard/libgcc.a(_aeabi_uldivmod.o)
 .ARM.attributes
                0x0000074d       0x34 /opt/st/stm32cubeide_2.0.0/plugins/com.st.stm32cube.ide.mcu.externaltools.gnu-tools-for-stm32.13.3.rel1.linux64_1.0.100.202509120712/tools/bin/../lib/gcc/arm-none-eabi/13.3.1/thumb/v7e-m+fp/hard/libgcc.a(_udivmoddi4.o)
 .ARM.attributes
                0x00000781       0x22 /opt/st/stm32cubeide_2.0.0/plugins/com.st.stm32cube.ide.mcu.externaltools.gnu-tools-for-stm32.13.3.rel1.linux64_1.0.100.202509120712/tools/bin/../lib/gcc/arm-none-eabi/13.3.1/thumb/v7e-m+fp/hard/libgcc.a(_dvmd_tls.o)
 .ARM.attributes
                0x000007a3       0x22 /opt/st/stm32cubeide_2.0.0/plugins/com.st.stm32cube.ide.mcu.externaltools.gnu-tools-for-stm32.13.3.rel1.linux64_1.0.100.202509120712/tools/bin/../lib/gcc/arm-none-eabi/13.3.1/thumb/v7e-m+fp/hard/crtn.o
OUTPUT(NavigationUnit.elf elf32-littlearm)
LOAD linker stubs
LOAD /opt/st/stm32cubeide_2.0.0/plugins/com.st.stm32cube.ide.mcu.externaltools.gnu-tools-for-stm32.13.3.rel1.linux64_1.0.100.202509120712/tools/bin/../lib/gcc/arm-none-eabi/13.3.1/../../../../arm-none-eabi/lib/thumb/v7e-m+fp/hard/libc.a
LOAD /opt/st/stm32cubeide_2.0.0/plugins/com.st.stm32cube.ide.mcu.externaltools.gnu-tools-for-stm32.13.3.rel1.linux64_1.0.100.202509120712/tools/bin/../lib/gcc/arm-none-eabi/13.3.1/../../../../arm-none-eabi/lib/thumb/v7e-m+fp/hard/libm.a
LOAD /opt/st/stm32cubeide_2.0.0/plugins/com.st.stm32cube.ide.mcu.externaltools.gnu-tools-for-stm32.13.3.rel1.linux64_1.0.100.202509120712/tools/bin/../lib/gcc/arm-none-eabi/13.3.1/thumb/v7e-m+fp/hard/libgcc.a

.debug_info     0x00000000    0x21ac4
 .debug_info    0x00000000     0x27be ./Core/Src/main.o
 .debug_info    0x000027be     0x17a7 ./Core/Src/stm32f4xx_hal_msp.o
 .debug_info    0x00003f65      0xbce ./Core/Src/stm32f4xx_hal_timebase_tim.o
 .debug_info    0x00004b33      0xa0c ./Core/Src/stm32f4xx_it.o
 .debug_info    0x0000553f      0x512 ./Core/Src/system_stm32f4xx.o
 .debug_info    0x00005a51       0x30 ./Core/Startup/startup_stm32f405rgtx.o
 .debug_info    0x00005a81      0x932 ./Drivers/STM32F4xx_HAL_Driver/Src/stm32f4xx_hal.o
 .debug_info    0x000063b3      0xd7a ./Drivers/STM32F4xx_HAL_Driver/Src/stm32f4xx_hal_cortex.o
 .debug_info    0x0000712d      0x8e7 ./Drivers/STM32F4xx_HAL_Driver/Src/stm32f4xx_hal_dma.o
 .debug_info    0x00007a14      0x6c3 ./Drivers/STM32F4xx_HAL_Driver/Src/stm32f4xx_hal_gpio.o
 .debug_info    0x000080d7     0x2415 ./Drivers/STM32F4xx_HAL_Driver/Src/stm32f4xx_hal_i2c.o
 .debug_info    0x0000a4ec      0x8c3 ./Drivers/STM32F4xx_HAL_Driver/Src/stm32f4xx_hal_rcc.o
 .debug_info    0x0000adaf     0x1bfb ./Drivers/STM32F4xx_HAL_Driver/Src/stm32f4xx_hal_sd.o
 .debug_info    0x0000c9aa     0x1525 ./Drivers/STM32F4xx_HAL_Driver/Src/stm32f4xx_hal_spi.o
 .debug_info    0x0000decf     0x299d ./Drivers/STM32F4xx_HAL_Driver/Src/stm32f4xx_hal_tim.o
 .debug_info    0x0001086c     0x14db ./Drivers/STM32F4xx_HAL_Driver/Src/stm32f4xx_hal_tim_ex.o
 .debug_info    0x00011d47     0x2f4f ./Drivers/STM32F4xx_HAL_Driver/Src/stm32f4xx_hal_uart.o
 .debug_info    0x00014c96     0x10c4 ./Drivers/STM32F4xx_HAL_Driver/Src/stm32f4xx_ll_sdmmc.o
 .debug_info    0x00015d5a      0x847 ./Drivers/TMP100/TMP100.o
 .debug_info    0x000165a1      0x4f6 ./FATFS/App/fatfs.o
 .debug_info    0x00016a97      0xac9 ./FATFS/Target/bsp_driver_sd.o
 .debug_info    0x00017560      0x1cc ./FATFS/Target/fatfs_platform.o
 .debug_info    0x0001772c      0x76f ./FATFS/Target/sd_diskio.o
 .debug_info    0x00017e9b      0x37f ./Middlewares/Third_Party/FatFs/src/ff_gen_drv.o
 .debug_info    0x0001821a     0x3a5b ./Middlewares/Third_Party/FreeRTOS/Source/CMSIS_RTOS_V2/cmsis_os2.o
 .debug_info    0x0001bc75      0x2af ./Middlewares/Third_Party/FreeRTOS/Source/list.o
 .debug_info    0x0001bf24     0x1b79 ./Middlewares/Third_Party/FreeRTOS/Source/queue.o
 .debug_info    0x0001da9d     0x21ec ./Middlewares/Third_Party/FreeRTOS/Source/tasks.o
 .debug_info    0x0001fc89     0x1488 ./Middlewares/Third_Party/FreeRTOS/Source/timers.o
 .debug_info    0x00021111      0x4de ./Middlewares/Third_Party/FreeRTOS/Source/portable/GCC/ARM_CM4F/port.o
 .debug_info    0x000215ef      0x4d5 ./Middlewares/Third_Party/FreeRTOS/Source/portable/MemMang/heap_4.o

.debug_abbrev   0x00000000     0x4811
 .debug_abbrev  0x00000000      0x34f ./Core/Src/main.o
 .debug_abbrev  0x0000034f      0x25d ./Core/Src/stm32f4xx_hal_msp.o
 .debug_abbrev  0x000005ac      0x1f4 ./Core/Src/stm32f4xx_hal_timebase_tim.o
 .debug_abbrev  0x000007a0      0x181 ./Core/Src/stm32f4xx_it.o
 .debug_abbrev  0x00000921      0x11a ./Core/Src/system_stm32f4xx.o
 .debug_abbrev  0x00000a3b       0x24 ./Core/Startup/startup_stm32f405rgtx.o
 .debug_abbrev  0x00000a5f      0x214 ./Drivers/STM32F4xx_HAL_Driver/Src/stm32f4xx_hal.o
 .debug_abbrev  0x00000c73      0x31d ./Drivers/STM32F4xx_HAL_Driver/Src/stm32f4xx_hal_cortex.o
 .debug_abbrev  0x00000f90      0x264 ./Drivers/STM32F4xx_HAL_Driver/Src/stm32f4xx_hal_dma.o
 .debug_abbrev  0x000011f4      0x1d4 ./Drivers/STM32F4xx_HAL_Driver/Src/stm32f4xx_hal_gpio.o
 .debug_abbrev  0x000013c8      0x2ad ./Drivers/STM32F4xx_HAL_Driver/Src/stm32f4xx_hal_i2c.o
 .debug_abbrev  0x00001675      0x2b7 ./Drivers/STM32F4xx_HAL_Driver/Src/stm32f4xx_hal_rcc.o
 .debug_abbrev  0x0000192c      0x297 ./Drivers/STM32F4xx_HAL_Driver/Src/stm32f4xx_hal_sd.o
 .debug_abbrev  0x00001bc3      0x27a ./Drivers/STM32F4xx_HAL_Driver/Src/stm32f4xx_hal_spi.o
 .debug_abbrev  0x00001e3d      0x278 ./Drivers/STM32F4xx_HAL_Driver/Src/stm32f4xx_hal_tim.o
 .debug_abbrev  0x000020b5      0x283 ./Drivers/STM32F4xx_HAL_Driver/Src/stm32f4xx_hal_tim_ex.o
 .debug_abbrev  0x00002338      0x30e ./Drivers/STM32F4xx_HAL_Driver/Src/stm32f4xx_hal_uart.o
 .debug_abbrev  0x00002646      0x1d6 ./Drivers/STM32F4xx_HAL_Driver/Src/stm32f4xx_ll_sdmmc.o
 .debug_abbrev  0x0000281c      0x19f ./Drivers/TMP100/TMP100.o
 .debug_abbrev  0x000029bb      0x15e ./FATFS/App/fatfs.o
 .debug_abbrev  0x00002b19      0x28b ./FATFS/Target/bsp_driver_sd.o
 .debug_abbrev  0x00002da4      0x107 ./FATFS/Target/fatfs_platform.o
 .debug_abbrev  0x00002eab      0x2ab ./FATFS/Target/sd_diskio.o
 .debug_abbrev  0x00003156      0x19f ./Middlewares/Third_Party/FatFs/src/ff_gen_drv.o
 .debug_abbrev  0x000032f5      0x520 ./Middlewares/Third_Party/FreeRTOS/Source/CMSIS_RTOS_V2/cmsis_os2.o
 .debug_abbrev  0x00003815       0xf5 ./Middlewares/Third_Party/FreeRTOS/Source/list.o
 .debug_abbrev  0x0000390a      0x3b6 ./Middlewares/Third_Party/FreeRTOS/Source/queue.o
 .debug_abbrev  0x00003cc0      0x386 ./Middlewares/Third_Party/FreeRTOS/Source/tasks.o
 .debug_abbrev  0x00004046      0x352 ./Middlewares/Third_Party/FreeRTOS/Source/timers.o
 .debug_abbrev  0x00004398      0x25c ./Middlewares/Third_Party/FreeRTOS/Source/portable/GCC/ARM_CM4F/port.o
 .debug_abbrev  0x000045f4      0x21d ./Middlewares/Third_Party/FreeRTOS/Source/portable/MemMang/heap_4.o

.debug_aranges  0x00000000     0x1e38
 .debug_aranges
                0x00000000       0xe0 ./Core/Src/main.o
 .debug_aranges
                0x000000e0       0x60 ./Core/Src/stm32f4xx_hal_msp.o
 .debug_aranges
                0x00000140       0x30 ./Core/Src/stm32f4xx_hal_timebase_tim.o
 .debug_aranges
                0x00000170       0x70 ./Core/Src/stm32f4xx_it.o
 .debug_aranges
                0x000001e0       0x28 ./Core/Src/system_stm32f4xx.o
 .debug_aranges
                0x00000208       0x28 ./Core/Startup/startup_stm32f405rgtx.o
 .debug_aranges
                0x00000230       0xf0 ./Drivers/STM32F4xx_HAL_Driver/Src/stm32f4xx_hal.o
 .debug_aranges
                0x00000320      0x130 ./Drivers/STM32F4xx_HAL_Driver/Src/stm32f4xx_hal_cortex.o
 .debug_aranges
                0x00000450       0x90 ./Drivers/STM32F4xx_HAL_Driver/Src/stm32f4xx_hal_dma.o
 .debug_aranges
                0x000004e0       0x58 ./Drivers/STM32F4xx_HAL_Driver/Src/stm32f4xx_hal_gpio.o
 .debug_aranges
                0x00000538      0x2a8 ./Drivers/STM32F4xx_HAL_Driver/Src/stm32f4xx_hal_i2c.o
 .debug_aranges
                0x000007e0       0x88 ./Drivers/STM32F4xx_HAL_Driver/Src/stm32f4xx_hal_rcc.o
 .debug_aranges
                0x00000868      0x168 ./Drivers/STM32F4xx_HAL_Driver/Src/stm32f4xx_hal_sd.o
 .debug_aranges
                0x000009d0      0x1d0 ./Drivers/STM32F4xx_HAL_Driver/Src/stm32f4xx_hal_spi.o
 .debug_aranges
                0x00000ba0      0x3d0 ./Drivers/STM32F4xx_HAL_Driver/Src/stm32f4xx_hal_tim.o
 .debug_aranges
                0x00000f70      0x168 ./Drivers/STM32F4xx_HAL_Driver/Src/stm32f4xx_hal_tim_ex.o
 .debug_aranges
                0x000010d8      0x208 ./Drivers/STM32F4xx_HAL_Driver/Src/stm32f4xx_hal_uart.o
 .debug_aranges
                0x000012e0      0x188 ./Drivers/STM32F4xx_HAL_Driver/Src/stm32f4xx_ll_sdmmc.o
 .debug_aranges
                0x00001468       0x30 ./Drivers/TMP100/TMP100.o
 .debug_aranges
                0x00001498       0x28 ./FATFS/App/fatfs.o
 .debug_aranges
                0x000014c0       0xa0 ./FATFS/Target/bsp_driver_sd.o
 .debug_aranges
                0x00001560       0x20 ./FATFS/Target/fatfs_platform.o
 .debug_aranges
                0x00001580       0x60 ./FATFS/Target/sd_diskio.o
 .debug_aranges
                0x000015e0       0x40 ./Middlewares/Third_Party/FatFs/src/ff_gen_drv.o
 .debug_aranges
                0x00001620      0x2b0 ./Middlewares/Third_Party/FreeRTOS/Source/CMSIS_RTOS_V2/cmsis_os2.o
 .debug_aranges
                0x000018d0       0x40 ./Middlewares/Third_Party/FreeRTOS/Source/list.o
 .debug_aranges
                0x00001910      0x158 ./Middlewares/Third_Party/FreeRTOS/Source/queue.o
 .debug_aranges
                0x00001a68      0x208 ./Middlewares/Third_Party/FreeRTOS/Source/tasks.o
 .debug_aranges
                0x00001c70       0xf0 ./Middlewares/Third_Party/FreeRTOS/Source/timers.o
 .debug_aranges
                0x00001d60       0x80 ./Middlewares/Third_Party/FreeRTOS/Source/portable/GCC/ARM_CM4F/port.o
 .debug_aranges
                0x00001de0       0x58 ./Middlewares/Third_Party/FreeRTOS/Source/portable/MemMang/heap_4.o

.debug_rnglists
                0x00000000     0x1794
 .debug_rnglists
                0x00000000       0xa9 ./Core/Src/main.o
 .debug_rnglists
                0x000000a9       0x49 ./Core/Src/stm32f4xx_hal_msp.o
 .debug_rnglists
                0x000000f2       0x20 ./Core/Src/stm32f4xx_hal_timebase_tim.o
 .debug_rnglists
                0x00000112       0x4f ./Core/Src/stm32f4xx_it.o
 .debug_rnglists
                0x00000161       0x1a ./Core/Src/system_stm32f4xx.o
 .debug_rnglists
                0x0000017b       0x19 ./Core/Startup/startup_stm32f405rgtx.o
 .debug_rnglists
                0x00000194       0xaf ./Drivers/STM32F4xx_HAL_Driver/Src/stm32f4xx_hal.o
 .debug_rnglists
                0x00000243       0xe0 ./Drivers/STM32F4xx_HAL_Driver/Src/stm32f4xx_hal_cortex.o
 .debug_rnglists
                0x00000323       0x70 ./Drivers/STM32F4xx_HAL_Driver/Src/stm32f4xx_hal_dma.o
 .debug_rnglists
                0x00000393       0x3f ./Drivers/STM32F4xx_HAL_Driver/Src/stm32f4xx_hal_gpio.o
 .debug_rnglists
                0x000003d2      0x23c ./Drivers/STM32F4xx_HAL_Driver/Src/stm32f4xx_hal_i2c.o
 .debug_rnglists
                0x0000060e       0x66 ./Drivers/STM32F4xx_HAL_Driver/Src/stm32f4xx_hal_rcc.o
 .debug_rnglists
                0x00000674      0x121 ./Drivers/STM32F4xx_HAL_Driver/Src/stm32f4xx_hal_sd.o
 .debug_rnglists
                0x00000795      0x16f ./Drivers/STM32F4xx_HAL_Driver/Src/stm32f4xx_hal_spi.o
 .debug_rnglists
                0x00000904      0x31a ./Drivers/STM32F4xx_HAL_Driver/Src/stm32f4xx_hal_tim.o
 .debug_rnglists
                0x00000c1e      0x125 ./Drivers/STM32F4xx_HAL_Driver/Src/stm32f4xx_hal_tim_ex.o
 .debug_rnglists
                0x00000d43      0x1bc ./Drivers/STM32F4xx_HAL_Driver/Src/stm32f4xx_hal_uart.o
 .debug_rnglists